Component: ARM Compiler 5.06 update 7 (build 960) Tool: armlink [4d3601]

==============================================================================

Section Cross References

    startup_stm32f103xb.o(RESET) refers to startup_stm32f103xb.o(STACK) for __initial_sp
    startup_stm32f103xb.o(RESET) refers to startup_stm32f103xb.o(.text) for Reset_Handler
    startup_stm32f103xb.o(RESET) refers to stm32f1xx_it.o(i.NMI_Handler) for NMI_Handler
    startup_stm32f103xb.o(RESET) refers to stm32f1xx_it.o(i.HardFault_Handler) for HardFault_Handler
    startup_stm32f103xb.o(RESET) refers to stm32f1xx_it.o(i.MemManage_Handler) for MemManage_Handler
    startup_stm32f103xb.o(RESET) refers to stm32f1xx_it.o(i.BusFault_Handler) for BusFault_Handler
    startup_stm32f103xb.o(RESET) refers to stm32f1xx_it.o(i.UsageFault_Handler) for UsageFault_Handler
    startup_stm32f103xb.o(RESET) refers to port.o(.emb_text) for SVC_Handler
    startup_stm32f103xb.o(RESET) refers to stm32f1xx_it.o(i.DebugMon_Handler) for DebugMon_Handler
    startup_stm32f103xb.o(RESET) refers to port.o(i.SysTick_Handler) for SysTick_Handler
    startup_stm32f103xb.o(RESET) refers to stm32f1xx_it.o(i.TIM4_IRQHandler) for TIM4_IRQHandler
    startup_stm32f103xb.o(.text) refers to system_stm32f1xx.o(i.SystemInit) for SystemInit
    startup_stm32f103xb.o(.text) refers to entry.o(.ARM.Collect$$$$00000000) for __main
    main.o(i.HAL_TIM_PeriodElapsedCallback) refers to stm32f1xx_hal.o(i.HAL_IncTick) for HAL_IncTick
    main.o(i.MX_GPIO_Init) refers to stm32f1xx_hal_gpio.o(i.HAL_GPIO_WritePin) for HAL_GPIO_WritePin
    main.o(i.MX_GPIO_Init) refers to stm32f1xx_hal_gpio.o(i.HAL_GPIO_Init) for HAL_GPIO_Init
    main.o(i.MX_TIM1_Init) refers to memseta.o(.text) for __aeabi_memclr4
    main.o(i.MX_TIM1_Init) refers to stm32f1xx_hal_tim.o(i.HAL_TIM_Base_Init) for HAL_TIM_Base_Init
    main.o(i.MX_TIM1_Init) refers to stm32f1xx_hal_tim.o(i.HAL_TIM_ConfigClockSource) for HAL_TIM_ConfigClockSource
    main.o(i.MX_TIM1_Init) refers to stm32f1xx_hal_tim.o(i.HAL_TIM_PWM_Init) for HAL_TIM_PWM_Init
    main.o(i.MX_TIM1_Init) refers to stm32f1xx_hal_tim_ex.o(i.HAL_TIMEx_MasterConfigSynchronization) for HAL_TIMEx_MasterConfigSynchronization
    main.o(i.MX_TIM1_Init) refers to stm32f1xx_hal_tim.o(i.HAL_TIM_PWM_ConfigChannel) for HAL_TIM_PWM_ConfigChannel
    main.o(i.MX_TIM1_Init) refers to stm32f1xx_hal_tim_ex.o(i.HAL_TIMEx_ConfigBreakDeadTime) for HAL_TIMEx_ConfigBreakDeadTime
    main.o(i.MX_TIM1_Init) refers to stm32f1xx_hal_msp.o(i.HAL_TIM_MspPostInit) for HAL_TIM_MspPostInit
    main.o(i.MX_TIM1_Init) refers to main.o(.bss) for .bss
    main.o(i.MX_TIM2_Init) refers to stm32f1xx_hal_tim.o(i.HAL_TIM_Base_Init) for HAL_TIM_Base_Init
    main.o(i.MX_TIM2_Init) refers to stm32f1xx_hal_tim.o(i.HAL_TIM_ConfigClockSource) for HAL_TIM_ConfigClockSource
    main.o(i.MX_TIM2_Init) refers to stm32f1xx_hal_tim_ex.o(i.HAL_TIMEx_MasterConfigSynchronization) for HAL_TIMEx_MasterConfigSynchronization
    main.o(i.MX_TIM2_Init) refers to main.o(.bss) for .bss
    main.o(i.MX_TIM3_Init) refers to stm32f1xx_hal_tim.o(i.HAL_TIM_Base_Init) for HAL_TIM_Base_Init
    main.o(i.MX_TIM3_Init) refers to stm32f1xx_hal_tim.o(i.HAL_TIM_ConfigClockSource) for HAL_TIM_ConfigClockSource
    main.o(i.MX_TIM3_Init) refers to stm32f1xx_hal_tim_ex.o(i.HAL_TIMEx_MasterConfigSynchronization) for HAL_TIMEx_MasterConfigSynchronization
    main.o(i.MX_TIM3_Init) refers to main.o(.bss) for .bss
    main.o(i.SystemClock_Config) refers to memseta.o(.text) for __aeabi_memclr4
    main.o(i.SystemClock_Config) refers to stm32f1xx_hal_rcc.o(i.HAL_RCC_OscConfig) for HAL_RCC_OscConfig
    main.o(i.SystemClock_Config) refers to stm32f1xx_hal_rcc.o(i.HAL_RCC_ClockConfig) for HAL_RCC_ClockConfig
    main.o(i.checkFlame) refers to stm32f1xx_hal_gpio.o(i.HAL_GPIO_ReadPin) for HAL_GPIO_ReadPin
    main.o(i.checkPosition) refers to stm32f1xx_hal_gpio.o(i.HAL_GPIO_ReadPin) for HAL_GPIO_ReadPin
    main.o(i.controlServo) refers to main.o(.bss) for .bss
    main.o(i.distanceTaskFunc) refers to servo.o(i.map) for map
    main.o(i.distanceTaskFunc) refers to servo.o(i.servo_write) for servo_write
    main.o(i.distanceTaskFunc) refers to stm32f1xx_hal.o(i.HAL_Delay) for HAL_Delay
    main.o(i.distanceTaskFunc) refers to cmsis_os.o(i.osDelay) for osDelay
    main.o(i.distanceTaskFunc) refers to main.o(.data) for .data
    main.o(i.distanceTaskFunc) refers to main.o(.bss) for .bss
    main.o(i.initAll) refers to liquidcrystal_i2c.o(i.lcd_init) for lcd_init
    main.o(i.initAll) refers to servo.o(i.servo_init) for servo_init
    main.o(i.initAll) refers to stm32f1xx_hal_tim.o(i.HAL_TIM_Base_Start) for HAL_TIM_Base_Start
    main.o(i.initAll) refers to stm32f1xx_hal_gpio.o(i.HAL_GPIO_WritePin) for HAL_GPIO_WritePin
    main.o(i.initAll) refers to main.o(.bss) for .bss
    main.o(i.main) refers to stm32f1xx_hal.o(i.HAL_Init) for HAL_Init
    main.o(i.main) refers to main.o(i.SystemClock_Config) for SystemClock_Config
[...]
    Removing event_groups.o(i.vEventGroupDelete), (74 bytes).
    Removing event_groups.o(i.vEventGroupSetBitsCallback), (4 bytes).
    Removing event_groups.o(i.xEventGroupClearBits), (64 bytes).
    Removing event_groups.o(i.xEventGroupCreate), (28 bytes).
    Removing event_groups.o(i.xEventGroupCreateStatic), (44 bytes).
    Removing event_groups.o(i.xEventGroupGetBitsFromISR), (26 bytes).
    Removing event_groups.o(i.xEventGroupSetBits), (140 bytes).
    Removing event_groups.o(i.xEventGroupSync), (204 bytes).
    Removing event_groups.o(i.xEventGroupWaitBits), (264 bytes).
    Removing queue.o(i.pcQueueGetName), (40 bytes).
    Removing queue.o(i.prvCopyDataFromQueue), (38 bytes).
    Removing queue.o(i.prvCopyDataToQueue), (108 bytes).
    Removing queue.o(i.prvInitialiseMutex), (22 bytes).
    Removing queue.o(i.prvInitialiseNewQueue), (22 bytes).
    Removing queue.o(i.prvIsQueueEmpty), (28 bytes).
    Removing queue.o(i.prvUnlockQueue), (106 bytes).
    Removing queue.o(i.uxQueueMessagesWaiting), (36 bytes).
    Removing queue.o(i.uxQueueMessagesWaitingFromISR), (22 bytes).
    Removing queue.o(i.uxQueueSpacesAvailable), (40 bytes).
    Removing queue.o(i.vQueueAddToRegistry), (40 bytes).
    Removing queue.o(i.vQueueDelete), (46 bytes).
    Removing queue.o(i.vQueueUnregisterQueue), (40 bytes).
    Removing queue.o(i.xQueueCreateMutex), (22 bytes).
    Removing queue.o(i.xQueueCreateMutexStatic), (26 bytes).
    Removing queue.o(i.xQueueGenericCreate), (72 bytes).
    Removing queue.o(i.xQueueGenericCreateStatic), (102 bytes).
    Removing queue.o(i.xQueueGenericReset), (136 bytes).
    Removing queue.o(i.xQueueGenericSend), (352 bytes).
    Removing queue.o(i.xQueueGenericSendFromISR), (188 bytes).
    Removing queue.o(i.xQueueGiveFromISR), (156 bytes).
    Removing queue.o(i.xQueueIsQueueEmptyFromISR), (30 bytes).
    Removing queue.o(i.xQueueIsQueueFullFromISR), (34 bytes).
    Removing queue.o(i.xQueuePeek), (308 bytes).
    Removing queue.o(i.xQueuePeekFromISR), (116 bytes).
    Removing queue.o(i.xQueueReceive), (312 bytes).
    Removing queue.o(i.xQueueReceiveFromISR), (154 bytes).
    Removing queue.o(i.xQueueSemaphoreTake), (376 bytes).
    Removing queue.o(.bss), (64 bytes).
    Removing stream_buffer.o(i.prvBytesInBuffer), (18 bytes).
    Removing stream_buffer.o(i.prvInitialiseNewStreamBuffer), (76 bytes).
    Removing stream_buffer.o(i.prvReadBytesFromBuffer), (140 bytes).
    Removing stream_buffer.o(i.prvReadMessageFromBuffer), (66 bytes).
    Removing stream_buffer.o(i.prvWriteBytesToBuffer), (130 bytes).
    Removing stream_buffer.o(i.prvWriteMessageToBuffer), (60 bytes).
    Removing stream_buffer.o(i.vStreamBufferDelete), (34 bytes).
    Removing stream_buffer.o(i.xStreamBufferBytesAvailable), (22 bytes).
    Removing stream_buffer.o(i.xStreamBufferGenericCreate), (82 bytes).
    Removing stream_buffer.o(i.xStreamBufferGenericCreateStatic), (114 bytes).
    Removing stream_buffer.o(i.xStreamBufferIsEmpty), (34 bytes).
    Removing stream_buffer.o(i.xStreamBufferIsFull), (48 bytes).
    Removing stream_buffer.o(i.xStreamBufferReceive), (212 bytes).
    Removing stream_buffer.o(i.xStreamBufferReceiveCompletedFromISR), (70 bytes).
    Removing stream_buffer.o(i.xStreamBufferReceiveFromISR), (144 bytes).
    Removing stream_buffer.o(i.xStreamBufferReset), (58 bytes).
    Removing stream_buffer.o(i.xStreamBufferSend), (236 bytes).
    Removing stream_buffer.o(i.xStreamBufferSendCompletedFromISR), (70 bytes).
    Removing stream_buffer.o(i.xStreamBufferSendFromISR), (142 bytes).
    Removing stream_buffer.o(i.xStreamBufferSetTriggerLevel), (40 bytes).
    Removing stream_buffer.o(i.xStreamBufferSpacesAvailable), (38 bytes).
    Removing tasks.o(i.pcTaskGetName), (32 bytes).
    Removing tasks.o(i.prvTaskIsTaskSuspended), (52 bytes).
    Removing tasks.o(i.pvTaskIncrementMutexHeldCount), (24 bytes).
    Removing tasks.o(i.ulTaskNotifyTake), (104 bytes).
    Removing tasks.o(i.uxTaskGetNumberOfTasks), (12 bytes).
    Removing tasks.o(i.uxTaskPriorityGet), (28 bytes).
    Removing tasks.o(i.uxTaskPriorityGetFromISR), (44 bytes).
    Removing tasks.o(i.uxTaskResetEventItemValue), (24 bytes).
    Removing tasks.o(i.vTaskDelete), (172 bytes).
    Removing tasks.o(i.vTaskEndScheduler), (28 bytes).
    Removing tasks.o(i.vTaskInternalSetTimeOutState), (16 bytes).
    Removing tasks.o(i.vTaskMissedYield), (12 bytes).
    Removing tasks.o(i.vTaskNotifyGiveFromISR), (184 bytes).
    Removing tasks.o(i.vTaskPlaceOnEventList), (48 bytes).
    Removing tasks.o(i.vTaskPlaceOnUnorderedEventList), (80 bytes).
    Removing tasks.o(i.vTaskPriorityDisinheritAfterTimeout), (168 bytes).
    Removing tasks.o(i.vTaskPrioritySet), (196 bytes).
    Removing tasks.o(i.vTaskRemoveFromUnorderedEventList), (112 bytes).
    Removing tasks.o(i.vTaskResume), (124 bytes).
    Removing tasks.o(i.vTaskSetTimeOutState), (48 bytes).
    Removing tasks.o(i.vTaskSuspend), (188 bytes).
    Removing tasks.o(i.xTaskCheckForTimeOut), (116 bytes).
    Removing tasks.o(i.xTaskGenericNotify), (204 bytes).
    Removing tasks.o(i.xTaskGenericNotifyFromISR), (240 bytes).
    Removing tasks.o(i.xTaskGetCurrentTaskHandle), (12 bytes).
    Removing tasks.o(i.xTaskGetSchedulerState), (28 bytes).
    Removing tasks.o(i.xTaskGetTickCount), (12 bytes).
    Removing tasks.o(i.xTaskGetTickCountFromISR), (16 bytes).
    Removing tasks.o(i.xTaskNotifyStateClear), (52 bytes).
    Removing tasks.o(i.xTaskNotifyWait), (140 bytes).
    Removing tasks.o(i.xTaskPriorityDisinherit), (152 bytes).
    Removing tasks.o(i.xTaskPriorityInherit), (148 bytes).
    Removing tasks.o(i.xTaskRemoveFromEventList), (116 bytes).
    Removing tasks.o(i.xTaskResumeFromISR), (136 bytes).
    Removing cmsis_os.o(.rev16_text), (4 bytes).
    Removing cmsis_os.o(.revsh_text), (4 bytes).
    Removing cmsis_os.o(.rrx_text), (6 bytes).
    Removing cmsis_os.o(i.inHandlerMode), (12 bytes).
    Removing cmsis_os.o(i.makeCmsisPriority), (14 bytes).
    Removing cmsis_os.o(i.osAbortDelay), (4 bytes).
    Removing cmsis_os.o(i.osDelayUntil), (4 bytes).
    Removing cmsis_os.o(i.osKernelRunning), (18 bytes).
    Removing cmsis_os.o(i.osKernelSysTick), (24 bytes).
    Removing cmsis_os.o(i.osMailAlloc), (12 bytes).
    Removing cmsis_os.o(i.osMailCAlloc), (32 bytes).
    Removing cmsis_os.o(i.osMailCreate), (92 bytes).
    Removing cmsis_os.o(i.osMailFree), (12 bytes).
    Removing cmsis_os.o(i.osMailGet), (144 bytes).
    Removing cmsis_os.o(i.osMailPut), (92 bytes).
    Removing cmsis_os.o(i.osMessageAvailableSpace), (4 bytes).
    Removing cmsis_os.o(i.osMessageCreate), (38 bytes).
    Removing cmsis_os.o(i.osMessageDelete), (24 bytes).
    Removing cmsis_os.o(i.osMessageGet), (148 bytes).
    Removing cmsis_os.o(i.osMessagePeek), (74 bytes).
    Removing cmsis_os.o(i.osMessagePut), (92 bytes).
    Removing cmsis_os.o(i.osMessageWaiting), (30 bytes).
    Removing cmsis_os.o(i.osMutexCreate), (16 bytes).
    Removing cmsis_os.o(i.osMutexDelete), (24 bytes).
    Removing cmsis_os.o(i.osMutexRelease), (80 bytes).
    Removing cmsis_os.o(i.osMutexWait), (100 bytes).
    Removing cmsis_os.o(i.osPoolAlloc), (106 bytes).
    Removing cmsis_os.o(i.osPoolCAlloc), (16 bytes).
    Removing cmsis_os.o(i.osPoolCreate), (94 bytes).
    Removing cmsis_os.o(i.osPoolFree), (48 bytes).
    Removing cmsis_os.o(i.osRecursiveMutexCreate), (4 bytes).
    Removing cmsis_os.o(i.osRecursiveMutexRelease), (4 bytes).
    Removing cmsis_os.o(i.osRecursiveMutexWait), (4 bytes).
    Removing cmsis_os.o(i.osSemaphoreCreate), (62 bytes).
    Removing cmsis_os.o(i.osSemaphoreDelete), (24 bytes).
    Removing cmsis_os.o(i.osSemaphoreGetCount), (4 bytes).
    Removing cmsis_os.o(i.osSemaphoreRelease), (80 bytes).
    Removing cmsis_os.o(i.osSemaphoreWait), (100 bytes).
    Removing cmsis_os.o(i.osSignalSet), (92 bytes).
    Removing cmsis_os.o(i.osSignalWait), (86 bytes).
    Removing cmsis_os.o(i.osSystickHandler), (20 bytes).
    Removing cmsis_os.o(i.osThreadGetId), (4 bytes).
    Removing cmsis_os.o(i.osThreadGetPriority), (32 bytes).
    Removing cmsis_os.o(i.osThreadList), (4 bytes).
    Removing cmsis_os.o(i.osThreadResume), (52 bytes).
    Removing cmsis_os.o(i.osThreadResumeAll), (18 bytes).
    Removing cmsis_os.o(i.osThreadSetPriority), (22 bytes).
    Removing cmsis_os.o(i.osThreadSuspend), (10 bytes).
    Removing cmsis_os.o(i.osThreadSuspendAll), (10 bytes).
    Removing cmsis_os.o(i.osThreadTerminate), (10 bytes).
    Removing cmsis_os.o(i.osThreadYield), (24 bytes).
    Removing cmsis_os.o(i.osTimerCreate), (4 bytes).
    Removing cmsis_os.o(i.osTimerDelete), (4 bytes).
    Removing cmsis_os.o(i.osTimerStart), (4 bytes).
    Removing cmsis_os.o(i.osTimerStop), (4 bytes).
    Removing heap_4.o(i.vPortInitialiseBlocks), (2 bytes).
    Removing heap_4.o(i.xPortGetFreeHeapSize), (12 bytes).
    Removing heap_4.o(i.xPortGetMinimumEverFreeHeapSize), (12 bytes).
    Removing port.o(i.vPortEndScheduler), (32 bytes).
    Removing port.o(i.vPortValidateInterruptPriority), (84 bytes).
    Removing dscalb.o(.text), (46 bytes).
    Removing dfltui.o(.text), (26 bytes).
    Removing dfixui.o(.text), (50 bytes).

565 unused section(s) (total 45830 bytes) removed from the image.

==============================================================================

Image Symbol Table

    Local Symbols

    Symbol Name                              Value     Ov Type        Size  Object(Section)

    ../Core/Src/freertos.c                   0x00000000   Number         0  freertos.o ABSOLUTE
    ../Core/Src/main.c                       0x00000000   Number         0  main.o ABSOLUTE
    ../Core/Src/stm32f1xx_hal_msp.c          0x00000000   Number         0  stm32f1xx_hal_msp.o ABSOLUTE
    ../Core/Src/stm32f1xx_hal_timebase_tim.c 0x00000000   Number         0  stm32f1xx_hal_timebase_tim.o ABSOLUTE
    ../Core/Src/stm32f1xx_it.c               0x00000000   Number         0  stm32f1xx_it.o ABSOLUTE
    ../Core/Src/system_stm32f1xx.c           0x00000000   Number         0  system_stm32f1xx.o ABSOLUTE
    ../Drivers/STM32F1xx_HAL_Driver/Src/stm32f1xx_hal.c 0x00000000   Number         0  stm32f1xx_hal.o ABSOLUTE
    ../Drivers/STM32F1xx_HAL_Driver/Src/stm32f1xx_hal_cortex.c 0x00000000   Number         0  stm32f1xx_hal_cortex.o ABSOLUTE
    ../Drivers/STM32F1xx_HAL_Driver/Src/stm32f1xx_hal_dma.c 0x00000000   Number         0  stm32f1xx_hal_dma.o ABSOLUTE
    ../Drivers/STM32F1xx_HAL_Driver/Src/stm32f1xx_hal_exti.c 0x00000000   Number         0  stm32f1xx_hal_exti.o ABSOLUTE
    ../Drivers/STM32F1xx_HAL_Driver/Src/stm32f1xx_hal_flash.c 0x00000000   Number         0  stm32f1xx_hal_flash.o ABSOLUTE
    ../Drivers/STM32F1xx_HAL_Driver/Src/stm32f1xx_hal_flash_ex.c 0x00000000   Number         0  stm32f1xx_hal_flash_ex.o ABSOLUTE
    ../Drivers/STM32F1xx_HAL_Driver/Src/stm32f1xx_hal_gpio.c 0x00000000   Number         0  stm32f1xx_hal_gpio.o ABSOLUTE
    ../Drivers/STM32F1xx_HAL_Driver/Src/stm32f1xx_hal_gpio_ex.c 0x00000000   Number         0  stm32f1xx_hal_gpio_ex.o ABSOLUTE
    ../Drivers/STM32F1xx_HAL_Driver/Src/stm32f1xx_hal_i2c.c 0x00000000   Number         0  stm32f1xx_hal_i2c.o ABSOLUTE
    ../Drivers/STM32F1xx_HAL_Driver/Src/stm32f1xx_hal_pwr.c 0x00000000   Number         0  stm32f1xx_hal_pwr.o ABSOLUTE
    ../Drivers/STM32F1xx_HAL_Driver/Src/stm32f1xx_hal_rcc.c 0x00000000   Number         0  stm32f1xx_hal_rcc.o ABSOLUTE
    ../Drivers/STM32F1xx_HAL_Driver/Src/stm32f1xx_hal_rcc_ex.c 0x00000000   Number         0  stm32f1xx_hal_rcc_ex.o ABSOLUTE
    ../Drivers/STM32F1xx_HAL_Driver/Src/stm32f1xx_hal_tim.c 0x00000000   Number         0  stm32f1xx_hal_tim.o ABSOLUTE
    ../Drivers/STM32F1xx_HAL_Driver/Src/stm32f1xx_hal_tim_ex.c 0x00000000   Number         0  stm32f1xx_hal_tim_ex.o ABSOLUTE
    ../Middlewares/Third_Party/FreeRTOS/Source/CMSIS_RTOS/cmsis_os.c 0x00000000   Number         0  cmsis_os.o ABSOLUTE
    ../Middlewares/Third_Party/FreeRTOS/Source/croutine.c 0x00000000   Number         0  croutine.o ABSOLUTE
    ../Middlewares/Third_Party/FreeRTOS/Source/event_groups.c 0x00000000   Number         0  event_groups.o ABSOLUTE
    ../Middlewares/Third_Party/FreeRTOS/Source/list.c 0x00000000   Number         0  list.o ABSOLUTE
    ../Middlewares/Third_Party/FreeRTOS/Source/portable/MemMang/heap_4.c 0x00000000   Number         0  heap_4.o ABSOLUTE
    ../Middlewares/Third_Party/FreeRTOS/Source/portable/RVDS/ARM_CM3/port.c 0x00000000   Number         0  port.o ABSOLUTE
    ../Middlewares/Third_Party/FreeRTOS/Source/queue.c 0x00000000   Number         0  queue.o ABSOLUTE
    ../Middlewares/Third_Party/FreeRTOS/Source/stream_buffer.c 0x00000000   Number         0  stream_buffer.o ABSOLUTE
    ../Middlewares/Third_Party/FreeRTOS/Source/tasks.c 0x00000000   Number         0  tasks.o ABSOLUTE
    ../Middlewares/Third_Party/FreeRTOS/Source/timers.c 0x00000000   Number         0  timers.o ABSOLUTE
    ../clib/microlib/division.c              0x00000000   Number         0  uldiv.o ABSOLUTE
    ../clib/microlib/division.c              0x00000000   Number         0  uidiv.o ABSOLUTE
    ../clib/microlib/init/entry.s            0x00000000   Number         0  entry10b.o ABSOLUTE
    ../clib/microlib/init/entry.s            0x00000000   Number         0  entry9b.o ABSOLUTE
    ../clib/microlib/init/entry.s            0x00000000   Number         0  entry9a.o ABSOLUTE
    ../clib/microlib/init/entry.s            0x00000000   Number         0  entry8b.o ABSOLUTE
    ../clib/microlib/init/entry.s            0x00000000   Number         0  entry7b.o ABSOLUTE
    ../clib/microlib/init/entry.s            0x00000000   Number         0  entry7a.o ABSOLUTE
    ../clib/microlib/init/entry.s            0x00000000   Number         0  entry2.o ABSOLUTE
    ../clib/microlib/init/entry.s            0x00000000   Number         0  entry5.o ABSOLUTE
    ../clib/microlib/init/entry.s            0x00000000   Number         0  entry10a.o ABSOLUTE
    ../clib/microlib/init/entry.s            0x00000000   Number         0  entry12b.o ABSOLUTE
    ../clib/microlib/init/entry.s            0x00000000   Number         0  entry12a.o ABSOLUTE
    ../clib/microlib/init/entry.s            0x00000000   Number         0  entry8a.o ABSOLUTE
    ../clib/microlib/init/entry.s            0x00000000   Number         0  entry11b.o ABSOLUTE
    ../clib/microlib/init/entry.s            0x00000000   Number         0  entry11a.o ABSOLUTE
    ../clib/microlib/init/entry.s            0x00000000   Number         0  entry.o ABSOLUTE
    ../clib/microlib/longlong.c              0x00000000   Number         0  llshl.o ABSOLUTE
    ../clib/microlib/longlong.c              0x00000000   Number         0  llsshr.o ABSOLUTE
    ../clib/microlib/longlong.c              0x00000000   Number         0  llushr.o ABSOLUTE
    ../clib/microlib/printf/printf.c         0x00000000   Number         0  printfa.o ABSOLUTE
    ../clib/microlib/stdio/fputc.c           0x00000000   Number         0  fputc.o ABSOLUTE
    ../clib/microlib/stdio/semi.s            0x00000000   Number         0  semi.o ABSOLUTE
    ../clib/microlib/stdio/streams.c         0x00000000   Number         0  stdout.o ABSOLUTE
    ../clib/microlib/string/memcpy.c         0x00000000   Number         0  memcpya.o ABSOLUTE
    ../clib/microlib/string/memcpy.c         0x00000000   Number         0  memcpyb.o ABSOLUTE
    ../clib/microlib/string/memset.c         0x00000000   Number         0  memset.o ABSOLUTE
    ../clib/microlib/string/memset.c         0x00000000   Number         0  memseta.o ABSOLUTE
    ../clib/microlib/string/strlen.c         0x00000000   Number         0  strlen.o ABSOLUTE
    ../clib/microlib/stubs.s                 0x00000000   Number         0  iusesemip.o ABSOLUTE
    ../clib/microlib/stubs.s                 0x00000000   Number         0  iusefp.o ABSOLUTE
    ../fplib/microlib/fpadd.c                0x00000000   Number         0  dadd.o ABSOLUTE
    ../fplib/microlib/fpdiv.c                0x00000000   Number         0  ddiv.o ABSOLUTE
    ../fplib/microlib/fpepilogue.c           0x00000000   Number         0  depilogue.o ABSOLUTE
    ../fplib/microlib/fpfix.c                0x00000000   Number         0  dfixul.o ABSOLUTE
    ../fplib/microlib/fpfix.c                0x00000000   Number         0  dfixui.o ABSOLUTE
    ../fplib/microlib/fpflt.c                0x00000000   Number         0  dfltui.o ABSOLUTE
    ../fplib/microlib/fpmul.c                0x00000000   Number         0  dmul.o ABSOLUTE
    ../fplib/microlib/fpscalb.c              0x00000000   Number         0  dscalb.o ABSOLUTE
    ..\Core\Src\LiquidCrystal_I2C.c          0x00000000   Number         0  liquidcrystal_i2c.o ABSOLUTE
    ..\Core\Src\Servo.c                      0x00000000   Number         0  servo.o ABSOLUTE
    ..\Core\Src\freertos.c                   0x00000000   Number         0  freertos.o ABSOLUTE
    ..\Core\Src\main.c                       0x00000000   Number         0  main.o ABSOLUTE
    ..\Core\Src\stm32f1xx_hal_msp.c          0x00000000   Number         0  stm32f1xx_hal_msp.o ABSOLUTE
    ..\Core\Src\stm32f1xx_hal_timebase_tim.c 0x00000000   Number         0  stm32f1xx_hal_timebase_tim.o ABSOLUTE
    ..\Core\Src\stm32f1xx_it.c               0x00000000   Number         0  stm32f1xx_it.o ABSOLUTE
    ..\Core\Src\system_stm32f1xx.c           0x00000000   Number         0  system_stm32f1xx.o ABSOLUTE
    ..\Drivers\STM32F1xx_HAL_Driver\Src\stm32f1xx_hal.c 0x00000000   Number         0  stm32f1xx_hal.o ABSOLUTE
    ..\Drivers\STM32F1xx_HAL_Driver\Src\stm32f1xx_hal_cortex.c 0x00000000   Number         0  stm32f1xx_hal_cortex.o ABSOLUTE
    ..\Drivers\STM32F1xx_HAL_Driver\Src\stm32f1xx_hal_dma.c 0x00000000   Number         0  stm32f1xx_hal_dma.o ABSOLUTE
    ..\Drivers\STM32F1xx_HAL_Driver\Src\stm32f1xx_hal_exti.c 0x00000000   Number         0  stm32f1xx_hal_exti.o ABSOLUTE
    ..\Drivers\STM32F1xx_HAL_Driver\Src\stm32f1xx_hal_flash.c 0x00000000   Number         0  stm32f1xx_hal_flash.o ABSOLUTE
    ..\Drivers\STM32F1xx_HAL_Driver\Src\stm32f1xx_hal_flash_ex.c 0x00000000   Number         0  stm32f1xx_hal_flash_ex.o ABSOLUTE
    ..\Drivers\STM32F1xx_HAL_Driver\Src\stm32f1xx_hal_gpio.c 0x00000000   Number         0  stm32f1xx_hal_gpio.o ABSOLUTE
    ..\Drivers\STM32F1xx_HAL_Driver\Src\stm32f1xx_hal_gpio_ex.c 0x00000000   Number         0  stm32f1xx_hal_gpio_ex.o ABSOLUTE
    ..\Drivers\STM32F1xx_HAL_Driver\Src\stm32f1xx_hal_i2c.c 0x00000000   Number         0  stm32f1xx_hal_i2c.o ABSOLUTE
    ..\Drivers\STM32F1xx_HAL_Driver\Src\stm32f1xx_hal_pwr.c 0x00000000   Number         0  stm32f1xx_hal_pwr.o ABSOLUTE
    ..\Drivers\STM32F1xx_HAL_Driver\Src\stm32f1xx_hal_rcc.c 0x00000000   Number         0  stm32f1xx_hal_rcc.o ABSOLUTE
    ..\Drivers\STM32F1xx_HAL_Driver\Src\stm32f1xx_hal_rcc_ex.c 0x00000000   Number         0  stm32f1xx_hal_rcc_ex.o ABSOLUTE
    ..\Drivers\STM32F1xx_HAL_Driver\Src\stm32f1xx_hal_tim.c 0x00000000   Number         0  stm32f1xx_hal_tim.o ABSOLUTE
    ..\Drivers\STM32F1xx_HAL_Driver\Src\stm32f1xx_hal_tim_ex.c 0x00000000   Number         0  stm32f1xx_hal_tim_ex.o ABSOLUTE
    ..\Middlewares\Third_Party\FreeRTOS\Source\CMSIS_RTOS\cmsis_os.c 0x00000000   Number         0  cmsis_os.o ABSOLUTE
    ..\Middlewares\Third_Party\FreeRTOS\Source\portable\RVDS\ARM_CM3\port.c 0x00000000   Number         0  port.o ABSOLUTE
    ..\\Core\\Src\\LiquidCrystal_I2C.c       0x00000000   Number         0  liquidcrystal_i2c.o ABSOLUTE
    ..\\Core\\Src\\Servo.c                   0x00000000   Number         0  servo.o ABSOLUTE
    cdrcmple.s                               0x00000000   Number         0  cdrcmple.o ABSOLUTE
    dc.s                                     0x00000000   Number         0  dc.o ABSOLUTE
    handlers.s                               0x00000000   Number         0  handlers.o ABSOLUTE
    init.s                                   0x00000000   Number         0  init.o ABSOLUTE
    startup_stm32f103xb.s                    0x00000000   Number         0  startup_stm32f103xb.o ABSOLUTE
    RESET                                    0x08000000   Section      236  startup_stm32f103xb.o(RESET)
    .ARM.Collect$$$$00000000                 0x080000ec   Section        0  entry.o(.ARM.Collect$$$$00000000)
    .ARM.Collect$$$$00000001                 0x080000ec   Section        4  entry2.o(.ARM.Collect$$$$00000001)
    .ARM.Collect$$$$00000004                 0x080000f0   Section        4  entry5.o(.ARM.Collect$$$$00000004)
    .ARM.Collect$$$$00000008                 0x080000f4   Section        0  entry7b.o(.ARM.Collect$$$$00000008)
    .ARM.Collect$$$$0000000A                 0x080000f4   Section        0  entry8b.o(.ARM.Collect$$$$0000000A)
    .ARM.Collect$$$$0000000B                 0x080000f4   Section        8  entry9a.o(.ARM.Collect$$$$0000000B)
    .ARM.Collect$$$$0000000E                 0x080000fc   Section        4  entry12b.o(.ARM.Collect$$$$0000000E)
    .ARM.Collect$$$$0000000F                 0x08000100   Section        0  entry10a.o(.ARM.Collect$$$$0000000F)
    .ARM.Collect$$$$00000011                 0x08000100   Section        0  entry11a.o(.ARM.Collect$$$$00000011)
    .ARM.Collect$$$$00002712                 0x08000100   Section        4  entry2.o(.ARM.Collect$$$$00002712)
    __lit__00000000                          0x08000100   Data           4  entry2.o(.ARM.Collect$$$$00002712)
    .emb_text                                0x08000104   Section      150  port.o(.emb_text)
    .text                                    0x0800019c   Section       36  startup_stm32f103xb.o(.text)
    .text                                    0x080001c0   Section        0  llushr.o(.text)
    .text                                    0x080001e0   Section        0  memcpya.o(.text)
    .text                                    0x08000204   Section        0  memseta.o(.text)
    .text                                    0x08000228   Section        0  strlen.o(.text)
    .text                                    0x08000236   Section        0  dmul.o(.text)
    .text                                    0x0800031a   Section        0  uidiv.o(.text)
    .text                                    0x08000346   Section        0  uldiv.o(.text)
    .text                                    0x080003a8   Section        0  iusefp.o(.text)
    .text                                    0x080003a8   Section        0  depilogue.o(.text)
    .text                                    0x08000462   Section        0  dadd.o(.text)
    .text                                    0x080005b0   Section        0  ddiv.o(.text)
    .text                                    0x0800068e   Section        0  dfixul.o(.text)
    .text                                    0x080006c0   Section       48  cdrcmple.o(.text)
    .text                                    0x080006f0   Section       36  init.o(.text)
    .text                                    0x08000714   Section        0  llshl.o(.text)
    .text                                    0x08000732   Section        0  llsshr.o(.text)
    i.BusFault_Handler                       0x08000756   Section        0  stm32f1xx_it.o(i.BusFault_Handler)
    i.DebugMon_Handler                       0x08000758   Section        0  stm32f1xx_it.o(i.DebugMon_Handler)
    i.HAL_Delay                              0x0800075c   Section        0  stm32f1xx_hal.o(i.HAL_Delay)
    i.HAL_GPIO_Init                          0x08000780   Section        0  stm32f1xx_hal_gpio.o(i.HAL_GPIO_Init)
    i.HAL_GPIO_WritePin                      0x08000960   Section        0  stm32f1xx_hal_gpio.o(i.HAL_GPIO_WritePin)
    i.HAL_GetTick                            0x0800096c   Section        0  stm32f1xx_hal.o(i.HAL_GetTick)
    i.HAL_I2C_Init                           0x08000978   Section        0  stm32f1xx_hal_i2c.o(i.HAL_I2C_Init)
    i.HAL_I2C_Master_Transmit                0x08000b00   Section        0  stm32f1xx_hal_i2c.o(i.HAL_I2C_Master_Transmit)
    i.HAL_I2C_MspInit                        0x08000c2c   Section        0  stm32f1xx_hal_msp.o(i.HAL_I2C_MspInit)
    i.HAL_IncTick                            0x08000c8c   Section        0  stm32f1xx_hal.o(i.HAL_IncTick)
    i.HAL_Init                               0x08000c9c   Section        0  stm32f1xx_hal.o(i.HAL_Init)
    i.HAL_InitTick                           0x08000cc0   Section        0  stm32f1xx_hal_timebase_tim.o(i.HAL_InitTick)
    i.HAL_MspInit                            0x08000d34   Section        0  stm32f1xx_hal_msp.o(i.HAL_MspInit)
    i.HAL_NVIC_EnableIRQ                     0x08000d7c   Section        0  stm32f1xx_hal_cortex.o(i.HAL_NVIC_EnableIRQ)
    i.HAL_NVIC_SetPriority                   0x08000d98   Section        0  stm32f1xx_hal_cortex.o(i.HAL_NVIC_SetPriority)
    i.HAL_NVIC_SetPriorityGrouping           0x08000dd8   Section        0  stm32f1xx_hal_cortex.o(i.HAL_NVIC_SetPriorityGrouping)
    i.HAL_RCC_ClockConfig                    0x08000dfc   Section        0  stm32f1xx_hal_rcc.o(i.HAL_RCC_ClockConfig)
    i.HAL_RCC_GetClockConfig                 0x08000f28   Section        0  stm32f1xx_hal_rcc.o(i.HAL_RCC_GetClockConfig)
    i.HAL_RCC_GetPCLK1Freq                   0x08000f68   Section        0  stm32f1xx_hal_rcc.o(i.HAL_RCC_GetPCLK1Freq)
    i.HAL_RCC_GetSysClockFreq                0x08000f88   Section        0  stm32f1xx_hal_rcc.o(i.HAL_RCC_GetSysClockFreq)
    i.HAL_RCC_OscConfig                      0x08000ff4   Section        0  stm32f1xx_hal_rcc.o(i.HAL_RCC_OscConfig)
    i.HAL_TIMEx_BreakCallback                0x08001314   Section        0  stm32f1xx_hal_tim_ex.o(i.HAL_TIMEx_BreakCallback)
    i.HAL_TIMEx_CommutCallback               0x08001316   Section        0  stm32f1xx_hal_tim_ex.o(i.HAL_TIMEx_CommutCallback)
    i.HAL_TIMEx_ConfigBreakDeadTime          0x08001318   Section        0  stm32f1xx_hal_tim_ex.o(i.HAL_TIMEx_ConfigBreakDeadTime)
    i.HAL_TIMEx_MasterConfigSynchronization  0x0800136c   Section        0  stm32f1xx_hal_tim_ex.o(i.HAL_TIMEx_MasterConfigSynchronization)
    i.HAL_TIM_Base_Init                      0x080013d4   Section        0  stm32f1xx_hal_tim.o(i.HAL_TIM_Base_Init)
    i.HAL_TIM_Base_MspInit                   0x08001430   Section        0  stm32f1xx_hal_msp.o(i.HAL_TIM_Base_MspInit)
    i.HAL_TIM_Base_Start                     0x08001488   Section        0  stm32f1xx_hal_tim.o(i.HAL_TIM_Base_Start)
    i.HAL_TIM_Base_Start_IT                  0x080014d8   Section        0  stm32f1xx_hal_tim.o(i.HAL_TIM_Base_Start_IT)
    i.HAL_TIM_ConfigClockSource              0x08001530   Section        0  stm32f1xx_hal_tim.o(i.HAL_TIM_ConfigClockSource)
    i.HAL_TIM_IC_CaptureCallback             0x08001606   Section        0  stm32f1xx_hal_tim.o(i.HAL_TIM_IC_CaptureCallback)
    i.HAL_TIM_IRQHandler                     0x08001608   Section        0  stm32f1xx_hal_tim.o(i.HAL_TIM_IRQHandler)
    i.HAL_TIM_MspPostInit                    0x08001770   Section        0  stm32f1xx_hal_msp.o(i.HAL_TIM_MspPostInit)
    i.HAL_TIM_OC_DelayElapsedCallback        0x080017bc   Section        0  stm32f1xx_hal_tim.o(i.HAL_TIM_OC_DelayElapsedCallback)
    i.HAL_TIM_PWM_ConfigChannel              0x080017be   Section        0  stm32f1xx_hal_tim.o(i.HAL_TIM_PWM_ConfigChannel)
    i.HAL_TIM_PWM_Init                       0x08001884   Section        0  stm32f1xx_hal_tim.o(i.HAL_TIM_PWM_Init)
    i.HAL_TIM_PWM_MspInit                    0x080018de   Section        0  stm32f1xx_hal_tim.o(i.HAL_TIM_PWM_MspInit)
    i.HAL_TIM_PWM_PulseFinishedCallback      0x080018e0   Section        0  stm32f1xx_hal_tim.o(i.HAL_TIM_PWM_PulseFinishedCallback)
    i.HAL_TIM_PWM_Start                      0x080018e4   Section        0  stm32f1xx_hal_tim.o(i.HAL_TIM_PWM_Start)
    i.HAL_TIM_PeriodElapsedCallback          0x08001980   Section        0  main.o(i.HAL_TIM_PeriodElapsedCallback)
    i.HAL_TIM_TriggerCallback                0x08001994   Section        0  stm32f1xx_hal_tim.o(i.HAL_TIM_TriggerCallback)
    i.HardFault_Handler                      0x08001996   Section        0  stm32f1xx_it.o(i.HardFault_Handler)
    i.I2C_IsAcknowledgeFailed                0x08001998   Section        0  stm32f1xx_hal_i2c.o(i.I2C_IsAcknowledgeFailed)
    I2C_IsAcknowledgeFailed                  0x08001999   Thumb Code    46  stm32f1xx_hal_i2c.o(i.I2C_IsAcknowledgeFailed)
    i.I2C_MasterRequestWrite                 0x080019c8   Section        0  stm32f1xx_hal_i2c.o(i.I2C_MasterRequestWrite)
    I2C_MasterRequestWrite                   0x080019c9   Thumb Code   150  stm32f1xx_hal_i2c.o(i.I2C_MasterRequestWrite)
    i.I2C_WaitOnBTFFlagUntilTimeout          0x08001a64   Section        0  stm32f1xx_hal_i2c.o(i.I2C_WaitOnBTFFlagUntilTimeout)
    I2C_WaitOnBTFFlagUntilTimeout            0x08001a65   Thumb Code    76  stm32f1xx_hal_i2c.o(i.I2C_WaitOnBTFFlagUntilTimeout)
    i.I2C_WaitOnFlagUntilTimeout             0x08001ab0   Section        0  stm32f1xx_hal_i2c.o(i.I2C_WaitOnFlagUntilTimeout)
    I2C_WaitOnFlagUntilTimeout               0x08001ab1   Thumb Code   104  stm32f1xx_hal_i2c.o(i.I2C_WaitOnFlagUntilTimeout)
    i.I2C_WaitOnMasterAddressFlagUntilTimeout 0x08001b18   Section        0  stm32f1xx_hal_i2c.o(i.I2C_WaitOnMasterAddressFlagUntilTimeout)
    I2C_WaitOnMasterAddressFlagUntilTimeout  0x08001b19   Thumb Code   150  stm32f1xx_hal_i2c.o(i.I2C_WaitOnMasterAddressFlagUntilTimeout)
    i.I2C_WaitOnTXEFlagUntilTimeout          0x08001bae   Section        0  stm32f1xx_hal_i2c.o(i.I2C_WaitOnTXEFlagUntilTimeout)
    I2C_WaitOnTXEFlagUntilTimeout            0x08001baf   Thumb Code    76  stm32f1xx_hal_i2c.o(i.I2C_WaitOnTXEFlagUntilTimeout)
    i.MX_GPIO_Init                           0x08001bfc   Section        0  main.o(i.MX_GPIO_Init)
    MX_GPIO_Init                             0x08001bfd   Thumb Code   118  main.o(i.MX_GPIO_Init)
    i.MX_TIM1_Init                           0x08001c80   Section        0  main.o(i.MX_TIM1_Init)
    MX_TIM1_Init                             0x08001c81   Thumb Code   208  main.o(i.MX_TIM1_Init)
    i.MX_TIM2_Init                           0x08001d58   Section        0  main.o(i.MX_TIM2_Init)
    MX_TIM2_Init                             0x08001d59   Thumb Code    96  main.o(i.MX_TIM2_Init)
    i.MX_TIM3_Init                           0x08001dbc   Section        0  main.o(i.MX_TIM3_Init)
    MX_TIM3_Init                             0x08001dbd   Thumb Code    94  main.o(i.MX_TIM3_Init)
    i.MemManage_Handler                      0x08001e24   Section        0  stm32f1xx_it.o(i.MemManage_Handler)
    i.NMI_Handler                            0x08001e26   Section        0  stm32f1xx_it.o(i.NMI_Handler)
    i.SysTick_Handler                        0x08001e28   Section        0  port.o(i.SysTick_Handler)
    i.SystemClock_Config                     0x08001e54   Section        0  main.o(i.SystemClock_Config)
    i.SystemInit                             0x08001eb0   Section        0  system_stm32f1xx.o(i.SystemInit)
    i.TIM4_IRQHandler                        0x08001eb4   Section        0  stm32f1xx_it.o(i.TIM4_IRQHandler)
    i.TIM_Base_SetConfig                     0x08001ec0   Section        0  stm32f1xx_hal_tim.o(i.TIM_Base_SetConfig)
    i.TIM_CCxChannelCmd                      0x08001f2c   Section        0  stm32f1xx_hal_tim.o(i.TIM_CCxChannelCmd)
    i.TIM_ETR_SetConfig                      0x08001f46   Section        0  stm32f1xx_hal_tim.o(i.TIM_ETR_SetConfig)
    i.TIM_ITRx_SetConfig                     0x08001f5a   Section        0  stm32f1xx_hal_tim.o(i.TIM_ITRx_SetConfig)
    TIM_ITRx_SetConfig                       0x08001f5b   Thumb Code    16  stm32f1xx_hal_tim.o(i.TIM_ITRx_SetConfig)
    i.TIM_OC1_SetConfig                      0x08001f6c   Section        0  stm32f1xx_hal_tim.o(i.TIM_OC1_SetConfig)
    TIM_OC1_SetConfig                        0x08001f6d   Thumb Code    74  stm32f1xx_hal_tim.o(i.TIM_OC1_SetConfig)
    i.TIM_OC2_SetConfig                      0x08001fbc   Section        0  stm32f1xx_hal_tim.o(i.TIM_OC2_SetConfig)
    i.TIM_OC3_SetConfig                      0x08002014   Section        0  stm32f1xx_hal_tim.o(i.TIM_OC3_SetConfig)
    TIM_OC3_SetConfig                        0x08002015   Thumb Code    82  stm32f1xx_hal_tim.o(i.TIM_OC3_SetConfig)
    i.TIM_OC4_SetConfig                      0x0800206c   Section        0  stm32f1xx_hal_tim.o(i.TIM_OC4_SetConfig)
    TIM_OC4_SetConfig                        0x0800206d   Thumb Code    64  stm32f1xx_hal_tim.o(i.TIM_OC4_SetConfig)
    i.TIM_TI1_ConfigInputStage               0x080020b0   Section        0  stm32f1xx_hal_tim.o(i.TIM_TI1_ConfigInputStage)
    TIM_TI1_ConfigInputStage                 0x080020b1   Thumb Code    34  stm32f1xx_hal_tim.o(i.TIM_TI1_ConfigInputStage)
    i.TIM_TI2_ConfigInputStage               0x080020d2   Section        0  stm32f1xx_hal_tim.o(i.TIM_TI2_ConfigInputStage)
    TIM_TI2_ConfigInputStage                 0x080020d3   Thumb Code    36  stm32f1xx_hal_tim.o(i.TIM_TI2_ConfigInputStage)
    i.UsageFault_Handler                     0x080020f6   Section        0  stm32f1xx_it.o(i.UsageFault_Handler)
    i.__0vsprintf                            0x080020f8   Section        0  printfa.o(i.__0vsprintf)
    i.__NVIC_SetPriority                     0x0800211c   Section        0  stm32f1xx_hal_cortex.o(i.__NVIC_SetPriority)
    __NVIC_SetPriority                       0x0800211d   Thumb Code    32  stm32f1xx_hal_cortex.o(i.__NVIC_SetPriority)
    i.__scatterload_copy                     0x0800213c   Section       14  handlers.o(i.__scatterload_copy)
    i.__scatterload_null                     0x0800214a   Section        2  handlers.o(i.__scatterload_null)
    i.__scatterload_zeroinit                 0x0800214c   Section       14  handlers.o(i.__scatterload_zeroinit)
    i._fp_digits                             0x0800215c   Section        0  printfa.o(i._fp_digits)
    _fp_digits                               0x0800215d   Thumb Code   366  printfa.o(i._fp_digits)
    i._printf_core                           0x080022e0   Section        0  printfa.o(i._printf_core)
    _printf_core                             0x080022e1   Thumb Code  1704  printfa.o(i._printf_core)
    i._printf_post_padding                   0x08002994   Section        0  printfa.o(i._printf_post_padding)
    _printf_post_padding                     0x08002995   Thumb Code    36  printfa.o(i._printf_post_padding)
    i._printf_pre_padding                    0x080029b8   Section        0  printfa.o(i._printf_pre_padding)
    _printf_pre_padding                      0x080029b9   Thumb Code    46  printfa.o(i._printf_pre_padding)
    i._sputc                                 0x080029e6   Section        0  printfa.o(i._sputc)
    _sputc                                   0x080029e7   Thumb Code    10  printfa.o(i._sputc)
    i.distanceTaskFunc                       0x080029f0   Section        0  main.o(i.distanceTaskFunc)
    i.initAll                                0x08002a34   Section        0  main.o(i.initAll)
    i.lcd_clear_display                      0x08002a90   Section        0  liquidcrystal_i2c.o(i.lcd_clear_display)
    i.lcd_init                               0x08002aa2   Section        0  liquidcrystal_i2c.o(i.lcd_init)
    i.lcd_printf                             0x08002b06   Section        0  liquidcrystal_i2c.o(i.lcd_printf)
    i.lcd_send_cmd                           0x08002b40   Section        0  liquidcrystal_i2c.o(i.lcd_send_cmd)
    lcd_send_cmd                             0x08002b41   Thumb Code    58  liquidcrystal_i2c.o(i.lcd_send_cmd)
    i.lcd_send_data                          0x08002b7a   Section        0  liquidcrystal_i2c.o(i.lcd_send_data)
    lcd_send_data                            0x08002b7b   Thumb Code    58  liquidcrystal_i2c.o(i.lcd_send_data)
    i.lcd_set_cursor                         0x08002bb4   Section        0  liquidcrystal_i2c.o(i.lcd_set_cursor)
    i.lcd_set_cursor_blink_off               0x08002bd4   Section        0  liquidcrystal_i2c.o(i.lcd_set_cursor_blink_off)
    i.main                                   0x08002be4   Section        0  main.o(i.main)
    i.makeFreeRtosPriority                   0x08002c70   Section        0  cmsis_os.o(i.makeFreeRtosPriority)
    makeFreeRtosPriority                     0x08002c71   Thumb Code    12  cmsis_os.o(i.makeFreeRtosPriority)
    i.map                                    0x08002c7c   Section        0  servo.o(i.map)
    i.osDelay                                0x08002c90   Section        0  cmsis_os.o(i.osDelay)
    i.osKernelStart                          0x08002c9e   Section        0  cmsis_os.o(i.osKernelStart)
    i.osThreadCreate                         0x08002ca8   Section        0  cmsis_os.o(i.osThreadCreate)
    i.positionTaskFunc                       0x08002cfc   Section        0  main.o(i.positionTaskFunc)
    i.prvAddCurrentTaskToDelayedList         0x08002d08   Section        0  tasks.o(i.prvAddCurrentTaskToDelayedList)
    prvAddCurrentTaskToDelayedList           0x08002d09   Thumb Code   102  tasks.o(i.prvAddCurrentTaskToDelayedList)
    i.prvAddNewTaskToReadyList               0x08002d78   Section        0  tasks.o(i.prvAddNewTaskToReadyList)
    prvAddNewTaskToReadyList                 0x08002d79   Thumb Code   194  tasks.o(i.prvAddNewTaskToReadyList)
    i.prvDeleteTCB                           0x08002e48   Section        0  tasks.o(i.prvDeleteTCB)
    prvDeleteTCB                             0x08002e49   Thumb Code    52  tasks.o(i.prvDeleteTCB)
    i.prvHeapInit                            0x08002e7c   Section        0  heap_4.o(i.prvHeapInit)
    prvHeapInit                              0x08002e7d   Thumb Code    66  heap_4.o(i.prvHeapInit)
    i.prvIdleTask                            0x08002ec8   Section        0  tasks.o(i.prvIdleTask)
    prvIdleTask                              0x08002ec9   Thumb Code    82  tasks.o(i.prvIdleTask)
    i.prvInitialiseNewTask                   0x08002f28   Section        0  tasks.o(i.prvInitialiseNewTask)
    prvInitialiseNewTask                     0x08002f29   Thumb Code   142  tasks.o(i.prvInitialiseNewTask)
    i.prvInsertBlockIntoFreeList             0x08002fb8   Section        0  heap_4.o(i.prvInsertBlockIntoFreeList)
    prvInsertBlockIntoFreeList               0x08002fb9   Thumb Code    72  heap_4.o(i.prvInsertBlockIntoFreeList)
    i.prvResetNextTaskUnblockTime            0x08003004   Section        0  tasks.o(i.prvResetNextTaskUnblockTime)
    prvResetNextTaskUnblockTime              0x08003005   Thumb Code    26  tasks.o(i.prvResetNextTaskUnblockTime)
    i.prvTaskExitError                       0x08003024   Section        0  port.o(i.prvTaskExitError)
    prvTaskExitError                         0x08003025   Thumb Code    36  port.o(i.prvTaskExitError)
    i.pvPortMalloc                           0x0800304c   Section        0  heap_4.o(i.pvPortMalloc)
    i.pxPortInitialiseStack                  0x08003124   Section        0  port.o(i.pxPortInitialiseStack)
    i.servo_init                             0x08003148   Section        0  servo.o(i.servo_init)
    i.servo_write                            0x0800315a   Section        0  servo.o(i.servo_write)
    i.testLcd                                0x080031a0   Section        0  main.o(i.testLcd)
    i.uxListRemove                           0x080031f0   Section        0  list.o(i.uxListRemove)
    i.vApplicationGetIdleTaskMemory          0x08003218   Section        0  freertos.o(i.vApplicationGetIdleTaskMemory)
    i.vListInitialise                        0x0800322c   Section        0  list.o(i.vListInitialise)
    i.vListInitialiseItem                    0x08003242   Section        0  list.o(i.vListInitialiseItem)
    i.vListInsert                            0x08003248   Section        0  list.o(i.vListInsert)
    i.vListInsertEnd                         0x08003278   Section        0  list.o(i.vListInsertEnd)
    i.vPortEnterCritical                     0x08003290   Section        0  port.o(i.vPortEnterCritical)
    i.vPortExitCritical                      0x080032d0   Section        0  port.o(i.vPortExitCritical)
    i.vPortFree                              0x080032f8   Section        0  heap_4.o(i.vPortFree)
    i.vPortSetupTimerInterrupt               0x08003354   Section        0  port.o(i.vPortSetupTimerInterrupt)
    i.vTaskDelay                             0x08003378   Section        0  tasks.o(i.vTaskDelay)
    i.vTaskStartScheduler                    0x080033c4   Section        0  tasks.o(i.vTaskStartScheduler)
    i.vTaskSuspendAll                        0x08003430   Section        0  tasks.o(i.vTaskSuspendAll)
    i.vTaskSwitchContext                     0x08003440   Section        0  tasks.o(i.vTaskSwitchContext)
    i.xPortStartScheduler                    0x0800349c   Section        0  port.o(i.xPortStartScheduler)
    i.xTaskCreate                            0x08003544   Section        0  tasks.o(i.xTaskCreate)
    i.xTaskCreateStatic                      0x0800359e   Section        0  tasks.o(i.xTaskCreateStatic)
    i.xTaskIncrementTick                     0x080035f4   Section        0  tasks.o(i.xTaskIncrementTick)
    i.xTaskResumeAll                         0x080036bc   Section        0  tasks.o(i.xTaskResumeAll)
    .constdata                               0x08003780   Section       56  main.o(.constdata)
    .constdata                               0x080037b8   Section       16  system_stm32f1xx.o(.constdata)
    .constdata                               0x080037c8   Section        8  system_stm32f1xx.o(.constdata)
    .conststring                             0x080037d0   Section       29  main.o(.conststring)
    .data                                    0x20000000   Section       12  main.o(.data)
    .data                                    0x2000000c   Section       12  stm32f1xx_hal.o(.data)
    .data                                    0x20000018   Section        4  system_stm32f1xx.o(.data)
    .data                                    0x2000001c   Section       60  tasks.o(.data)
    pxDelayedTaskList                        0x20000020   Data           4  tasks.o(.data)
    pxOverflowDelayedTaskList                0x20000024   Data           4  tasks.o(.data)
    uxDeletedTasksWaitingCleanUp             0x20000028   Data           4  tasks.o(.data)
    uxCurrentNumberOfTasks                   0x2000002c   Data           4  tasks.o(.data)
    xTickCount                               0x20000030   Data           4  tasks.o(.data)
    uxTopReadyPriority                       0x20000034   Data           4  tasks.o(.data)
    xSchedulerRunning                        0x20000038   Data           4  tasks.o(.data)
    uxPendedTicks                            0x2000003c   Data           4  tasks.o(.data)
    xYieldPending                            0x20000040   Data           4  tasks.o(.data)
    xNumOfOverflows                          0x20000044   Data           4  tasks.o(.data)
    uxTaskNumber                             0x20000048   Data           4  tasks.o(.data)
    xNextTaskUnblockTime                     0x2000004c   Data           4  tasks.o(.data)
    xIdleTaskHandle                          0x20000050   Data           4  tasks.o(.data)
    uxSchedulerSuspended                     0x20000054   Data           4  tasks.o(.data)
    .data                                    0x20000058   Section       24  heap_4.o(.data)
    pxEnd                                    0x20000058   Data           4  heap_4.o(.data)
    xFreeBytesRemaining                      0x2000005c   Data           4  heap_4.o(.data)
    xMinimumEverFreeBytesRemaining           0x20000060   Data           4  heap_4.o(.data)
    xBlockAllocatedBit                       0x20000064   Data           4  heap_4.o(.data)
    xStart                                   0x20000068   Data           8  heap_4.o(.data)
    .data                                    0x20000070   Section       12  port.o(.data)
    ucMaxSysCallPriority                     0x20000070   Data           1  port.o(.data)
    uxCriticalNesting                        0x20000074   Data           4  port.o(.data)
    ulMaxPRIGROUPValue                       0x20000078   Data           4  port.o(.data)
    .bss                                     0x2000007c   Section      336  main.o(.bss)
    .bss                                     0x200001cc   Section      596  freertos.o(.bss)
    xIdleTaskTCBBuffer                       0x200001cc   Data          84  freertos.o(.bss)
    xIdleStack                               0x20000220   Data         512  freertos.o(.bss)
    .bss                                     0x20000420   Section       72  stm32f1xx_hal_timebase_tim.o(.bss)
    .bss                                     0x20000468   Section      240  tasks.o(.bss)
    pxReadyTasksLists                        0x20000468   Data         140  tasks.o(.bss)
    xDelayedTaskList1                        0x200004f4   Data          20  tasks.o(.bss)
    xDelayedTaskList2                        0x20000508   Data          20  tasks.o(.bss)
    xPendingReadyList                        0x2000051c   Data          20  tasks.o(.bss)
    xTasksWaitingTermination                 0x20000530   Data          20  tasks.o(.bss)
    xSuspendedTaskList                       0x20000544   Data          20  tasks.o(.bss)
    .bss                                     0x20000558   Section     3072  heap_4.o(.bss)
    ucHeap                                   0x20000558   Data        3072  heap_4.o(.bss)
    STACK                                    0x20001158   Section     1024  startup_stm32f103xb.o(STACK)

    Global Symbols

    Symbol Name                              Value     Ov Type        Size  Object(Section)

    BuildAttributes$$THM_ISAv4$P$D$K$B$S$PE$A:L22UL41UL21$X:L11$S22US41US21$IEEE1$IW$USESV6$~STKCKD$USESV7$~SHL$OSPACE$ROPI$EBA8$MICROLIB$REQ8$PRES8$EABIv2 0x00000000   Number         0  anon$$obj.o ABSOLUTE
    __ARM_use_no_argv                        0x00000000   Number         0  main.o ABSOLUTE
    __arm_fini_                               - Undefined Weak Reference
    __cpp_initialize__aeabi_                  - Undefined Weak Reference
    __cxa_finalize                            - Undefined Weak Reference
    __decompress                              - Undefined Weak Reference
    _clock_init                               - Undefined Weak Reference
    _microlib_exit                            - Undefined Weak Reference
    __Vectors_Size                           0x000000ec   Number         0  startup_stm32f103xb.o ABSOLUTE
    __Vectors                                0x08000000   Data           4  startup_stm32f103xb.o(RESET)
    __Vectors_End                            0x080000ec   Data           0  startup_stm32f103xb.o(RESET)
    __main                                   0x080000ed   Thumb Code     0  entry.o(.ARM.Collect$$$$00000000)
    _main_stk                                0x080000ed   Thumb Code     0  entry2.o(.ARM.Collect$$$$00000001)
    _main_scatterload                        0x080000f1   Thumb Code     0  entry5.o(.ARM.Collect$$$$00000004)
    __main_after_scatterload                 0x080000f5   Thumb Code     0  entry5.o(.ARM.Collect$$$$00000004)
    _main_clock                              0x080000f5   Thumb Code     0  entry7b.o(.ARM.Collect$$$$00000008)
    _main_cpp_init                           0x080000f5   Thumb Code     0  entry8b.o(.ARM.Collect$$$$0000000A)
    _main_init                               0x080000f5   Thumb Code     0  entry9a.o(.ARM.Collect$$$$0000000B)
    __rt_lib_shutdown_fini                   0x080000fd   Thumb Code     0  entry12b.o(.ARM.Collect$$$$0000000E)
    __rt_final_cpp                           0x08000101   Thumb Code     0  entry10a.o(.ARM.Collect$$$$0000000F)
    __rt_final_exit                          0x08000101   Thumb Code     0  entry11a.o(.ARM.Collect$$$$00000011)
    SVC_Handler                              0x08000105   Thumb Code    32  port.o(.emb_text)
    __asm___6_port_c_39a90d8d__prvStartFirstTask 0x08000129   Thumb Code    28  port.o(.emb_text)
    PendSV_Handler                           0x08000149   Thumb Code    72  port.o(.emb_text)
    vPortGetIPSR                             0x08000195   Thumb Code     6  port.o(.emb_text)
    Reset_Handler                            0x0800019d   Thumb Code     8  startup_stm32f103xb.o(.text)
    ADC1_2_IRQHandler                        0x080001b7   Thumb Code     0  startup_stm32f103xb.o(.text)
    CAN1_RX1_IRQHandler                      0x080001b7   Thumb Code     0  startup_stm32f103xb.o(.text)
    CAN1_SCE_IRQHandler                      0x080001b7   Thumb Code     0  startup_stm32f103xb.o(.text)
    DMA1_Channel1_IRQHandler                 0x080001b7   Thumb Code     0  startup_stm32f103xb.o(.text)
    DMA1_Channel2_IRQHandler                 0x080001b7   Thumb Code     0  startup_stm32f103xb.o(.text)
    DMA1_Channel3_IRQHandler                 0x080001b7   Thumb Code     0  startup_stm32f103xb.o(.text)
    DMA1_Channel4_IRQHandler                 0x080001b7   Thumb Code     0  startup_stm32f103xb.o(.text)
    DMA1_Channel5_IRQHandler                 0x080001b7   Thumb Code     0  startup_stm32f103xb.o(.text)
    DMA1_Channel6_IRQHandler                 0x080001b7   Thumb Code     0  startup_stm32f103xb.o(.text)
    DMA1_Channel7_IRQHandler                 0x080001b7   Thumb Code     0  startup_stm32f103xb.o(.text)
    EXTI0_IRQHandler                         0x080001b7   Thumb Code     0  startup_stm32f103xb.o(.text)
    EXTI15_10_IRQHandler                     0x080001b7   Thumb Code     0  startup_stm32f103xb.o(.text)
    EXTI1_IRQHandler                         0x080001b7   Thumb Code     0  startup_stm32f103xb.o(.text)
    EXTI2_IRQHandler                         0x080001b7   Thumb Code     0  startup_stm32f103xb.o(.text)
    EXTI3_IRQHandler                         0x080001b7   Thumb Code     0  startup_stm32f103xb.o(.text)
    EXTI4_IRQHandler                         0x080001b7   Thumb Code     0  startup_stm32f103xb.o(.text)
    EXTI9_5_IRQHandler                       0x080001b7   Thumb Code     0  startup_stm32f103xb.o(.text)
    FLASH_IRQHandler                         0x080001b7   Thumb Code     0  startup_stm32f103xb.o(.text)
    I2C1_ER_IRQHandler                       0x080001b7   Thumb Code     0  startup_stm32f103xb.o(.text)
    I2C1_EV_IRQHandler                       0x080001b7   Thumb Code     0  startup_stm32f103xb.o(.text)
    I2C2_ER_IRQHandler                       0x080001b7   Thumb Code     0  startup_stm32f103xb.o(.text)
    I2C2_EV_IRQHandler                       0x080001b7   Thumb Code     0  startup_stm32f103xb.o(.text)
    PVD_IRQHandler                           0x080001b7   Thumb Code     0  startup_stm32f103xb.o(.text)
    RCC_IRQHandler                           0x080001b7   Thumb Code     0  startup_stm32f103xb.o(.text)
    RTC_Alarm_IRQHandler                     0x080001b7   Thumb Code     0  startup_stm32f103xb.o(.text)
    RTC_IRQHandler                           0x080001b7   Thumb Code     0  startup_stm32f103xb.o(.text)
    SPI1_IRQHandler                          0x080001b7   Thumb Code     0  startup_stm32f103xb.o(.text)
    SPI2_IRQHandler                          0x080001b7   Thumb Code     0  startup_stm32f103xb.o(.text)
    TAMPER_IRQHandler                        0x080001b7   Thumb Code     0  startup_stm32f103xb.o(.text)
    TIM1_BRK_IRQHandler                      0x080001b7   Thumb Code     0  startup_stm32f103xb.o(.text)
    TIM1_CC_IRQHandler                       0x080001b7   Thumb Code     0  startup_stm32f103xb.o(.text)
    TIM1_TRG_COM_IRQHandler                  0x080001b7   Thumb Code     0  startup_stm32f103xb.o(.text)
    TIM1_UP_IRQHandler                       0x080001b7   Thumb Code     0  startup_stm32f103xb.o(.text)
    TIM2_IRQHandler                          0x080001b7   Thumb Code     0  startup_stm32f103xb.o(.text)
    TIM3_IRQHandler                          0x080001b7   Thumb Code     0  startup_stm32f103xb.o(.text)
    USART1_IRQHandler                        0x080001b7   Thumb Code     0  startup_stm32f103xb.o(.text)
    USART2_IRQHandler                        0x080001b7   Thumb Code     0  startup_stm32f103xb.o(.text)
    USART3_IRQHandler                        0x080001b7   Thumb Code     0  startup_stm32f103xb.o(.text)
    USBWakeUp_IRQHandler                     0x080001b7   Thumb Code     0  startup_stm32f103xb.o(.text)
    USB_HP_CAN1_TX_IRQHandler                0x080001b7   Thumb Code     0  startup_stm32f103xb.o(.text)
    USB_LP_CAN1_RX0_IRQHandler               0x080001b7   Thumb Code     0  startup_stm32f103xb.o(.text)
    WWDG_IRQHandler                          0x080001b7   Thumb Code     0  startup_stm32f103xb.o(.text)
    __aeabi_llsr                             0x080001c1   Thumb Code    32  llushr.o(.text)
    _ll_ushift_r                             0x080001c1   Thumb Code     0  llushr.o(.text)
    __aeabi_memcpy                           0x080001e1   Thumb Code    36  memcpya.o(.text)
    __aeabi_memcpy4                          0x080001e1   Thumb Code     0  memcpya.o(.text)
    __aeabi_memcpy8                          0x080001e1   Thumb Code     0  memcpya.o(.text)
    __aeabi_memset                           0x08000205   Thumb Code    14  memseta.o(.text)
    __aeabi_memset4                          0x08000205   Thumb Code     0  memseta.o(.text)
    __aeabi_memset8                          0x08000205   Thumb Code     0  memseta.o(.text)
    __aeabi_memclr                           0x08000213   Thumb Code     4  memseta.o(.text)
    __aeabi_memclr4                          0x08000213   Thumb Code     0  memseta.o(.text)
    __aeabi_memclr8                          0x08000213   Thumb Code     0  memseta.o(.text)
    memset                                   0x08000217   Thumb Code    18  memseta.o(.text)
    strlen                                   0x08000229   Thumb Code    14  strlen.o(.text)
    __aeabi_dmul                             0x08000237   Thumb Code   228  dmul.o(.text)
    __aeabi_uidiv                            0x0800031b   Thumb Code     0  uidiv.o(.text)
    __aeabi_uidivmod                         0x0800031b   Thumb Code    44  uidiv.o(.text)
    __aeabi_uldivmod                         0x08000347   Thumb Code    98  uldiv.o(.text)
    __I$use$fp                               0x080003a9   Thumb Code     0  iusefp.o(.text)
    _double_round                            0x080003a9   Thumb Code    30  depilogue.o(.text)
    _double_epilogue                         0x080003c7   Thumb Code   156  depilogue.o(.text)
    __aeabi_dadd                             0x08000463   Thumb Code   322  dadd.o(.text)
    __aeabi_dsub                             0x080005a5   Thumb Code     6  dadd.o(.text)
    __aeabi_drsub                            0x080005ab   Thumb Code     6  dadd.o(.text)
    __aeabi_ddiv                             0x080005b1   Thumb Code   222  ddiv.o(.text)
    __aeabi_d2ulz                            0x0800068f   Thumb Code    48  dfixul.o(.text)
    __aeabi_cdrcmple                         0x080006c1   Thumb Code    48  cdrcmple.o(.text)
    __scatterload                            0x080006f1   Thumb Code    28  init.o(.text)
    __scatterload_rt2                        0x080006f1   Thumb Code     0  init.o(.text)
    __aeabi_llsl                             0x08000715   Thumb Code    30  llshl.o(.text)
    _ll_shift_l                              0x08000715   Thumb Code     0  llshl.o(.text)
    __aeabi_lasr                             0x08000733   Thumb Code    36  llsshr.o(.text)
    _ll_sshift_r                             0x08000733   Thumb Code     0  llsshr.o(.text)
    BusFault_Handler                         0x08000757   Thumb Code     2  stm32f1xx_it.o(i.BusFault_Handler)
    DebugMon_Handler                         0x08000759   Thumb Code     2  stm32f1xx_it.o(i.DebugMon_Handler)
    HAL_Delay                                0x0800075d   Thumb Code    32  stm32f1xx_hal.o(i.HAL_Delay)
    HAL_GPIO_Init                            0x08000781   Thumb Code   446  stm32f1xx_hal_gpio.o(i.HAL_GPIO_Init)
    HAL_GPIO_WritePin                        0x08000961   Thumb Code    10  stm32f1xx_hal_gpio.o(i.HAL_GPIO_WritePin)
    HAL_GetTick                              0x0800096d   Thumb Code     6  stm32f1xx_hal.o(i.HAL_GetTick)
    HAL_I2C_Init                             0x08000979   Thumb Code   376  stm32f1xx_hal_i2c.o(i.HAL_I2C_Init)
    HAL_I2C_Master_Transmit                  0x08000b01   Thumb Code   290  stm32f1xx_hal_i2c.o(i.HAL_I2C_Master_Transmit)
    HAL_I2C_MspInit                          0x08000c2d   Thumb Code    82  stm32f1xx_hal_msp.o(i.HAL_I2C_MspInit)
    HAL_IncTick                              0x08000c8d   Thumb Code    12  stm32f1xx_hal.o(i.HAL_IncTick)
    HAL_Init                                 0x08000c9d   Thumb Code    32  stm32f1xx_hal.o(i.HAL_Init)
    HAL_InitTick                             0x08000cc1   Thumb Code   100  stm32f1xx_hal_timebase_tim.o(i.HAL_InitTick)
    HAL_MspInit                              0x08000d35   Thumb Code    62  stm32f1xx_hal_msp.o(i.HAL_MspInit)
    HAL_NVIC_EnableIRQ                       0x08000d7d   Thumb Code    26  stm32f1xx_hal_cortex.o(i.HAL_NVIC_EnableIRQ)
    HAL_NVIC_SetPriority                     0x08000d99   Thumb Code    60  stm32f1xx_hal_cortex.o(i.HAL_NVIC_SetPriority)
    HAL_NVIC_SetPriorityGrouping             0x08000dd9   Thumb Code    26  stm32f1xx_hal_cortex.o(i.HAL_NVIC_SetPriorityGrouping)
    HAL_RCC_ClockConfig                      0x08000dfd   Thumb Code   280  stm32f1xx_hal_rcc.o(i.HAL_RCC_ClockConfig)
    HAL_RCC_GetClockConfig                   0x08000f29   Thumb Code    54  stm32f1xx_hal_rcc.o(i.HAL_RCC_GetClockConfig)
    HAL_RCC_GetPCLK1Freq                     0x08000f69   Thumb Code    20  stm32f1xx_hal_rcc.o(i.HAL_RCC_GetPCLK1Freq)
    HAL_RCC_GetSysClockFreq                  0x08000f89   Thumb Code    74  stm32f1xx_hal_rcc.o(i.HAL_RCC_GetSysClockFreq)
    HAL_RCC_OscConfig                        0x08000ff5   Thumb Code   778  stm32f1xx_hal_rcc.o(i.HAL_RCC_OscConfig)
    HAL_TIMEx_BreakCallback                  0x08001315   Thumb Code     2  stm32f1xx_hal_tim_ex.o(i.HAL_TIMEx_BreakCallback)
    HAL_TIMEx_CommutCallback                 0x08001317   Thumb Code     2  stm32f1xx_hal_tim_ex.o(i.HAL_TIMEx_CommutCallback)
    HAL_TIMEx_ConfigBreakDeadTime            0x08001319   Thumb Code    84  stm32f1xx_hal_tim_ex.o(i.HAL_TIMEx_ConfigBreakDeadTime)
    HAL_TIMEx_MasterConfigSynchronization    0x0800136d   Thumb Code    92  stm32f1xx_hal_tim_ex.o(i.HAL_TIMEx_MasterConfigSynchronization)
    HAL_TIM_Base_Init                        0x080013d5   Thumb Code    90  stm32f1xx_hal_tim.o(i.HAL_TIM_Base_Init)
    HAL_TIM_Base_MspInit                     0x08001431   Thumb Code    74  stm32f1xx_hal_msp.o(i.HAL_TIM_Base_MspInit)
    HAL_TIM_Base_Start                       0x08001489   Thumb Code    66  stm32f1xx_hal_tim.o(i.HAL_TIM_Base_Start)
    HAL_TIM_Base_Start_IT                    0x080014d9   Thumb Code    76  stm32f1xx_hal_tim.o(i.HAL_TIM_Base_Start_IT)
    HAL_TIM_ConfigClockSource                0x08001531   Thumb Code   214  stm32f1xx_hal_tim.o(i.HAL_TIM_ConfigClockSource)
    HAL_TIM_IC_CaptureCallback               0x08001607   Thumb Code     2  stm32f1xx_hal_tim.o(i.HAL_TIM_IC_CaptureCallback)
    HAL_TIM_IRQHandler                       0x08001609   Thumb Code   358  stm32f1xx_hal_tim.o(i.HAL_TIM_IRQHandler)
    HAL_TIM_MspPostInit                      0x08001771   Thumb Code    64  stm32f1xx_hal_msp.o(i.HAL_TIM_MspPostInit)
    HAL_TIM_OC_DelayElapsedCallback          0x080017bd   Thumb Code     2  stm32f1xx_hal_tim.o(i.HAL_TIM_OC_DelayElapsedCallback)
    HAL_TIM_PWM_ConfigChannel                0x080017bf   Thumb Code   198  stm32f1xx_hal_tim.o(i.HAL_TIM_PWM_ConfigChannel)
    HAL_TIM_PWM_Init                         0x08001885   Thumb Code    90  stm32f1xx_hal_tim.o(i.HAL_TIM_PWM_Init)
    HAL_TIM_PWM_MspInit                      0x080018df   Thumb Code     2  stm32f1xx_hal_tim.o(i.HAL_TIM_PWM_MspInit)
    HAL_TIM_PWM_PulseFinishedCallback        0x080018e1   Thumb Code     2  stm32f1xx_hal_tim.o(i.HAL_TIM_PWM_PulseFinishedCallback)
    HAL_TIM_PWM_Start                        0x080018e5   Thumb Code   144  stm32f1xx_hal_tim.o(i.HAL_TIM_PWM_Start)
    HAL_TIM_PeriodElapsedCallback            0x08001981   Thumb Code    14  main.o(i.HAL_TIM_PeriodElapsedCallback)
    HAL_TIM_TriggerCallback                  0x08001995   Thumb Code     2  stm32f1xx_hal_tim.o(i.HAL_TIM_TriggerCallback)
    HardFault_Handler                        0x08001997   Thumb Code     2  stm32f1xx_it.o(i.HardFault_Handler)
    MemManage_Handler                        0x08001e25   Thumb Code     2  stm32f1xx_it.o(i.MemManage_Handler)
    NMI_Handler                              0x08001e27   Thumb Code     2  stm32f1xx_it.o(i.NMI_Handler)
    SysTick_Handler                          0x08001e29   Thumb Code    38  port.o(i.SysTick_Handler)
    SystemClock_Config                       0x08001e55   Thumb Code    92  main.o(i.SystemClock_Config)
    SystemInit                               0x08001eb1   Thumb Code     2  system_stm32f1xx.o(i.SystemInit)
    TIM4_IRQHandler                          0x08001eb5   Thumb Code     6  stm32f1xx_it.o(i.TIM4_IRQHandler)
    TIM_Base_SetConfig                       0x08001ec1   Thumb Code    94  stm32f1xx_hal_tim.o(i.TIM_Base_SetConfig)
    TIM_CCxChannelCmd                        0x08001f2d   Thumb Code    26  stm32f1xx_hal_tim.o(i.TIM_CCxChannelCmd)
    TIM_ETR_SetConfig                        0x08001f47   Thumb Code    20  stm32f1xx_hal_tim.o(i.TIM_ETR_SetConfig)
    TIM_OC2_SetConfig                        0x08001fbd   Thumb Code    84  stm32f1xx_hal_tim.o(i.TIM_OC2_SetConfig)
    UsageFault_Handler                       0x080020f7   Thumb Code     2  stm32f1xx_it.o(i.UsageFault_Handler)
    __0vsprintf                              0x080020f9   Thumb Code    30  printfa.o(i.__0vsprintf)
    __1vsprintf                              0x080020f9   Thumb Code     0  printfa.o(i.__0vsprintf)
    __2vsprintf                              0x080020f9   Thumb Code     0  printfa.o(i.__0vsprintf)
    __c89vsprintf                            0x080020f9   Thumb Code     0  printfa.o(i.__0vsprintf)
    vsprintf                                 0x080020f9   Thumb Code     0  printfa.o(i.__0vsprintf)
    __scatterload_copy                       0x0800213d   Thumb Code    14  handlers.o(i.__scatterload_copy)
    __scatterload_null                       0x0800214b   Thumb Code     2  handlers.o(i.__scatterload_null)
    __scatterload_zeroinit                   0x0800214d   Thumb Code    14  handlers.o(i.__scatterload_zeroinit)
    distanceTaskFunc                         0x080029f1   Thumb Code    60  main.o(i.distanceTaskFunc)
    initAll                                  0x08002a35   Thumb Code    84  main.o(i.initAll)
    lcd_clear_display                        0x08002a91   Thumb Code    18  liquidcrystal_i2c.o(i.lcd_clear_display)
    lcd_init                                 0x08002aa3   Thumb Code   100  liquidcrystal_i2c.o(i.lcd_init)
    lcd_printf                               0x08002b07   Thumb Code    58  liquidcrystal_i2c.o(i.lcd_printf)
    lcd_set_cursor                           0x08002bb5   Thumb Code    26  liquidcrystal_i2c.o(i.lcd_set_cursor)
    lcd_set_cursor_blink_off                 0x08002bd5   Thumb Code    16  liquidcrystal_i2c.o(i.lcd_set_cursor_blink_off)
    main                                     0x08002be5   Thumb Code   120  main.o(i.main)
    map                                      0x08002c7d   Thumb Code    20  servo.o(i.map)
    osDelay                                  0x08002c91   Thumb Code    14  cmsis_os.o(i.osDelay)
    osKernelStart                            0x08002c9f   Thumb Code    10  cmsis_os.o(i.osKernelStart)
    osThreadCreate                           0x08002ca9   Thumb Code    84  cmsis_os.o(i.osThreadCreate)
    positionTaskFunc                         0x08002cfd   Thumb Code    12  main.o(i.positionTaskFunc)
    pvPortMalloc                             0x0800304d   Thumb Code   210  heap_4.o(i.pvPortMalloc)
    pxPortInitialiseStack                    0x08003125   Thumb Code    32  port.o(i.pxPortInitialiseStack)
    servo_init                               0x08003149   Thumb Code    18  servo.o(i.servo_init)
    servo_write                              0x0800315b   Thumb Code    68  servo.o(i.servo_write)
    testLcd                                  0x080031a1   Thumb Code    64  main.o(i.testLcd)
    uxListRemove                             0x080031f1   Thumb Code    38  list.o(i.uxListRemove)
    vApplicationGetIdleTaskMemory            0x08003219   Thumb Code    16  freertos.o(i.vApplicationGetIdleTaskMemory)
    vListInitialise                          0x0800322d   Thumb Code    22  list.o(i.vListInitialise)
    vListInitialiseItem                      0x08003243   Thumb Code     6  list.o(i.vListInitialiseItem)
    vListInsert                              0x08003249   Thumb Code    48  list.o(i.vListInsert)
    vListInsertEnd                           0x08003279   Thumb Code    24  list.o(i.vListInsertEnd)
    vPortEnterCritical                       0x08003291   Thumb Code    54  port.o(i.vPortEnterCritical)
    vPortExitCritical                        0x080032d1   Thumb Code    34  port.o(i.vPortExitCritical)
    vPortFree                                0x080032f9   Thumb Code    88  heap_4.o(i.vPortFree)
    vPortSetupTimerInterrupt                 0x08003355   Thumb Code    32  port.o(i.vPortSetupTimerInterrupt)
    vTaskDelay                               0x08003379   Thumb Code    66  tasks.o(i.vTaskDelay)
    vTaskStartScheduler                      0x080033c5   Thumb Code    90  tasks.o(i.vTaskStartScheduler)
    vTaskSuspendAll                          0x08003431   Thumb Code    10  tasks.o(i.vTaskSuspendAll)
    vTaskSwitchContext                       0x08003441   Thumb Code    82  tasks.o(i.vTaskSwitchContext)
    xPortStartScheduler                      0x0800349d   Thumb Code   154  port.o(i.xPortStartScheduler)
    xTaskCreate                              0x08003545   Thumb Code    90  tasks.o(i.xTaskCreate)
    xTaskCreateStatic                        0x0800359f   Thumb Code    86  tasks.o(i.xTaskCreateStatic)
    xTaskIncrementTick                       0x080035f5   Thumb Code   192  tasks.o(i.xTaskIncrementTick)
    xTaskResumeAll                           0x080036bd   Thumb Code   182  tasks.o(i.xTaskResumeAll)
    AHBPrescTable                            0x080037b8   Data          16  system_stm32f1xx.o(.constdata)
    APBPrescTable                            0x080037c8   Data           8  system_stm32f1xx.o(.constdata)
    Region$$Table$$Base                      0x080037f0   Number         0  anon$$obj.o(Region$$Table)
    Region$$Table$$Limit                     0x08003810   Number         0  anon$$obj.o(Region$$Table)
    goc1                                     0x20000000   Data           2  main.o(.data)
    positionTaskHandle                       0x20000004   Data           4  main.o(.data)
    distanceTaskHandle                       0x20000008   Data           4  main.o(.data)
    uwTickFreq                               0x2000000c   Data           1  stm32f1xx_hal.o(.data)
    uwTickPrio                               0x20000010   Data           4  stm32f1xx_hal.o(.data)
    uwTick                                   0x20000014   Data           4  stm32f1xx_hal.o(.data)
    SystemCoreClock                          0x20000018   Data           4  system_stm32f1xx.o(.data)
    pxCurrentTCB                             0x2000001c   Data           4  tasks.o(.data)
    hi2c2                                    0x2000007c   Data          84  main.o(.bss)
    htim1                                    0x200000d0   Data          72  main.o(.bss)
    htim2                                    0x20000118   Data          72  main.o(.bss)
    htim3                                    0x20000160   Data          72  main.o(.bss)
    hlcd                                     0x200001a8   Data          12  main.o(.bss)
    sv1                                      0x200001b4   Data          12  main.o(.bss)
    sv2                                      0x200001c0   Data          12  main.o(.bss)
    htim4                                    0x20000420   Data          72  stm32f1xx_hal_timebase_tim.o(.bss)
    __initial_sp                             0x20001558   Data           0  startup_stm32f103xb.o(STACK)



==============================================================================

Memory Map of the image

  Image Entry point : 0x080000ed

  Load Region LR_IROM1 (Base: 0x08000000, Size: 0x0000388c, Max: 0x00010000, ABSOLUTE)

    Execution Region ER_IROM1 (Exec base: 0x08000000, Load base: 0x08000000, Size: 0x00003810, Max: 0x00010000, ABSOLUTE)

    Exec Addr    Load Addr    Size         Type   Attr      Idx    E Section Name        Object

    0x08000000   0x08000000   0x000000ec   Data   RO            3    RESET               startup_stm32f103xb.o
    0x080000ec   0x080000ec   0x00000000   Code   RO         4348  * .ARM.Collect$$$$00000000  mc_w.l(entry.o)
    0x080000ec   0x080000ec   0x00000004   Code   RO         4399    .ARM.Collect$$$$00000001  mc_w.l(entry2.o)
    0x080000f0   0x080000f0   0x00000004   Code   RO         4402    .ARM.Collect$$$$00000004  mc_w.l(entry5.o)
    0x080000f4   0x080000f4   0x00000000   Code   RO         4404    .ARM.Collect$$$$00000008  mc_w.l(entry7b.o)
    0x080000f4   0x080000f4   0x00000000   Code   RO         4406    .ARM.Collect$$$$0000000A  mc_w.l(entry8b.o)
    0x080000f4   0x080000f4   0x00000008   Code   RO         4407    .ARM.Collect$$$$0000000B  mc_w.l(entry9a.o)
    0x080000fc   0x080000fc   0x00000004   Code   RO         4414    .ARM.Collect$$$$0000000E  mc_w.l(entry12b.o)
    0x08000100   0x08000100   0x00000000   Code   RO         4409    .ARM.Collect$$$$0000000F  mc_w.l(entry10a.o)
    0x08000100   0x08000100   0x00000000   Code   RO         4411    .ARM.Collect$$$$00000011  mc_w.l(entry11a.o)
    0x08000100   0x08000100   0x00000004   Code   RO         4400    .ARM.Collect$$$$00002712  mc_w.l(entry2.o)
    0x08000104   0x08000104   0x00000096   Code   RO         4271    .emb_text           port.o
    0x0800019a   0x0800019a   0x00000002   PAD
    0x0800019c   0x0800019c   0x00000024   Code   RO            4    .text               startup_stm32f103xb.o
    0x080001c0   0x080001c0   0x00000020   Code   RO         4351    .text               mc_w.l(llushr.o)
    0x080001e0   0x080001e0   0x00000024   Code   RO         4353    .text               mc_w.l(memcpya.o)
    0x08000204   0x08000204   0x00000024   Code   RO         4357    .text               mc_w.l(memseta.o)
    0x08000228   0x08000228   0x0000000e   Code   RO         4359    .text               mc_w.l(strlen.o)
    0x08000236   0x08000236   0x000000e4   Code   RO         4391    .text               mf_w.l(dmul.o)
    0x0800031a   0x0800031a   0x0000002c   Code   RO         4418    .text               mc_w.l(uidiv.o)
    0x08000346   0x08000346   0x00000062   Code   RO         4420    .text               mc_w.l(uldiv.o)
    0x080003a8   0x080003a8   0x00000000   Code   RO         4422    .text               mc_w.l(iusefp.o)
    0x080003a8   0x080003a8   0x000000ba   Code   RO         4423    .text               mf_w.l(depilogue.o)
    0x08000462   0x08000462   0x0000014e   Code   RO         4425    .text               mf_w.l(dadd.o)
    0x080005b0   0x080005b0   0x000000de   Code   RO         4427    .text               mf_w.l(ddiv.o)
    0x0800068e   0x0800068e   0x00000030   Code   RO         4429    .text               mf_w.l(dfixul.o)
    0x080006be   0x080006be   0x00000002   PAD
    0x080006c0   0x080006c0   0x00000030   Code   RO         4431    .text               mf_w.l(cdrcmple.o)
    0x080006f0   0x080006f0   0x00000024   Code   RO         4433    .text               mc_w.l(init.o)
    0x08000714   0x08000714   0x0000001e   Code   RO         4436    .text               mc_w.l(llshl.o)
    0x08000732   0x08000732   0x00000024   Code   RO         4438    .text               mc_w.l(llsshr.o)
    0x08000756   0x08000756   0x00000002   Code   RO          306    i.BusFault_Handler  stm32f1xx_it.o
    0x08000758   0x08000758   0x00000002   Code   RO          307    i.DebugMon_Handler  stm32f1xx_it.o
    0x0800075a   0x0800075a   0x00000002   PAD
    0x0800075c   0x0800075c   0x00000024   Code   RO          673    i.HAL_Delay         stm32f1xx_hal.o
    0x08000780   0x08000780   0x000001e0   Code   RO          981    i.HAL_GPIO_Init     stm32f1xx_hal_gpio.o
    0x08000960   0x08000960   0x0000000a   Code   RO          985    i.HAL_GPIO_WritePin  stm32f1xx_hal_gpio.o
    0x0800096a   0x0800096a   0x00000002   PAD
    0x0800096c   0x0800096c   0x0000000c   Code   RO          677    i.HAL_GetTick       stm32f1xx_hal.o
    0x08000978   0x08000978   0x00000188   Code   RO         1652    i.HAL_I2C_Init      stm32f1xx_hal_i2c.o
    0x08000b00   0x08000b00   0x0000012c   Code   RO         1665    i.HAL_I2C_Master_Transmit  stm32f1xx_hal_i2c.o
    0x08000c2c   0x08000c2c   0x00000060   Code   RO          371    i.HAL_I2C_MspInit   stm32f1xx_hal_msp.o
    0x08000c8c   0x08000c8c   0x00000010   Code   RO          683    i.HAL_IncTick       stm32f1xx_hal.o
    0x08000c9c   0x08000c9c   0x00000024   Code   RO          684    i.HAL_Init          stm32f1xx_hal.o
    0x08000cc0   0x08000cc0   0x00000074   Code   RO          424    i.HAL_InitTick      stm32f1xx_hal_timebase_tim.o
    0x08000d34   0x08000d34   0x00000048   Code   RO          372    i.HAL_MspInit       stm32f1xx_hal_msp.o
    0x08000d7c   0x08000d7c   0x0000001a   Code   RO         1141    i.HAL_NVIC_EnableIRQ  stm32f1xx_hal_cortex.o
    0x08000d96   0x08000d96   0x00000002   PAD
    0x08000d98   0x08000d98   0x00000040   Code   RO         1147    i.HAL_NVIC_SetPriority  stm32f1xx_hal_cortex.o
    0x08000dd8   0x08000dd8   0x00000024   Code   RO         1148    i.HAL_NVIC_SetPriorityGrouping  stm32f1xx_hal_cortex.o
    0x08000dfc   0x08000dfc   0x0000012c   Code   RO          841    i.HAL_RCC_ClockConfig  stm32f1xx_hal_rcc.o
    0x08000f28   0x08000f28   0x00000040   Code   RO          845    i.HAL_RCC_GetClockConfig  stm32f1xx_hal_rcc.o
    0x08000f68   0x08000f68   0x00000020   Code   RO          848    i.HAL_RCC_GetPCLK1Freq  stm32f1xx_hal_rcc.o
    0x08000f88   0x08000f88   0x0000006c   Code   RO          850    i.HAL_RCC_GetSysClockFreq  stm32f1xx_hal_rcc.o
    0x08000ff4   0x08000ff4   0x00000320   Code   RO          853    i.HAL_RCC_OscConfig  stm32f1xx_hal_rcc.o
    0x08001314   0x08001314   0x00000002   Code   RO         2779    i.HAL_TIMEx_BreakCallback  stm32f1xx_hal_tim_ex.o
    0x08001316   0x08001316   0x00000002   Code   RO         2780    i.HAL_TIMEx_CommutCallback  stm32f1xx_hal_tim_ex.o
    0x08001318   0x08001318   0x00000054   Code   RO         2782    i.HAL_TIMEx_ConfigBreakDeadTime  stm32f1xx_hal_tim_ex.o
    0x0800136c   0x0800136c   0x00000068   Code   RO         2798    i.HAL_TIMEx_MasterConfigSynchronization  stm32f1xx_hal_tim_ex.o
    0x080013d4   0x080013d4   0x0000005a   Code   RO         2075    i.HAL_TIM_Base_Init  stm32f1xx_hal_tim.o
    0x0800142e   0x0800142e   0x00000002   PAD
    0x08001430   0x08001430   0x00000058   Code   RO          374    i.HAL_TIM_Base_MspInit  stm32f1xx_hal_msp.o
    0x08001488   0x08001488   0x00000050   Code   RO         2078    i.HAL_TIM_Base_Start  stm32f1xx_hal_tim.o
    0x080014d8   0x080014d8   0x00000058   Code   RO         2080    i.HAL_TIM_Base_Start_IT  stm32f1xx_hal_tim.o
    0x08001530   0x08001530   0x000000d6   Code   RO         2084    i.HAL_TIM_ConfigClockSource  stm32f1xx_hal_tim.o
    0x08001606   0x08001606   0x00000002   Code   RO         2109    i.HAL_TIM_IC_CaptureCallback  stm32f1xx_hal_tim.o
    0x08001608   0x08001608   0x00000166   Code   RO         2123    i.HAL_TIM_IRQHandler  stm32f1xx_hal_tim.o
    0x0800176e   0x0800176e   0x00000002   PAD
    0x08001770   0x08001770   0x0000004c   Code   RO          375    i.HAL_TIM_MspPostInit  stm32f1xx_hal_msp.o
    0x080017bc   0x080017bc   0x00000002   Code   RO         2126    i.HAL_TIM_OC_DelayElapsedCallback  stm32f1xx_hal_tim.o
    0x080017be   0x080017be   0x000000c6   Code   RO         2147    i.HAL_TIM_PWM_ConfigChannel  stm32f1xx_hal_tim.o
    0x08001884   0x08001884   0x0000005a   Code   RO         2150    i.HAL_TIM_PWM_Init  stm32f1xx_hal_tim.o
    0x080018de   0x080018de   0x00000002   Code   RO         2152    i.HAL_TIM_PWM_MspInit  stm32f1xx_hal_tim.o
    0x080018e0   0x080018e0   0x00000002   Code   RO         2153    i.HAL_TIM_PWM_PulseFinishedCallback  stm32f1xx_hal_tim.o
    0x080018e2   0x080018e2   0x00000002   PAD
    0x080018e4   0x080018e4   0x0000009c   Code   RO         2155    i.HAL_TIM_PWM_Start  stm32f1xx_hal_tim.o
    0x08001980   0x08001980   0x00000014   Code   RO           14    i.HAL_TIM_PeriodElapsedCallback  main.o
    0x08001994   0x08001994   0x00000002   Code   RO         2166    i.HAL_TIM_TriggerCallback  stm32f1xx_hal_tim.o
    0x08001996   0x08001996   0x00000002   Code   RO          308    i.HardFault_Handler  stm32f1xx_it.o
    0x08001998   0x08001998   0x0000002e   Code   RO         1694    i.I2C_IsAcknowledgeFailed  stm32f1xx_hal_i2c.o
    0x080019c6   0x080019c6   0x00000002   PAD
    0x080019c8   0x080019c8   0x0000009c   Code   RO         1698    i.I2C_MasterRequestWrite  stm32f1xx_hal_i2c.o
    0x08001a64   0x08001a64   0x0000004c   Code   RO         1709    i.I2C_WaitOnBTFFlagUntilTimeout  stm32f1xx_hal_i2c.o
    0x08001ab0   0x08001ab0   0x00000068   Code   RO         1710    i.I2C_WaitOnFlagUntilTimeout  stm32f1xx_hal_i2c.o
    0x08001b18   0x08001b18   0x00000096   Code   RO         1711    i.I2C_WaitOnMasterAddressFlagUntilTimeout  stm32f1xx_hal_i2c.o
    0x08001bae   0x08001bae   0x0000004c   Code   RO         1713    i.I2C_WaitOnTXEFlagUntilTimeout  stm32f1xx_hal_i2c.o
    0x08001bfa   0x08001bfa   0x00000002   PAD
    0x08001bfc   0x08001bfc   0x00000084   Code   RO           15    i.MX_GPIO_Init      main.o
    0x08001c80   0x08001c80   0x000000d8   Code   RO           16    i.MX_TIM1_Init      main.o
    0x08001d58   0x08001d58   0x00000064   Code   RO           17    i.MX_TIM2_Init      main.o
    0x08001dbc   0x08001dbc   0x00000068   Code   RO           18    i.MX_TIM3_Init      main.o
    0x08001e24   0x08001e24   0x00000002   Code   RO          309    i.MemManage_Handler  stm32f1xx_it.o
    0x08001e26   0x08001e26   0x00000002   Code   RO          310    i.NMI_Handler       stm32f1xx_it.o
    0x08001e28   0x08001e28   0x0000002c   Code   RO         4272    i.SysTick_Handler   port.o
    0x08001e54   0x08001e54   0x0000005c   Code   RO           19    i.SystemClock_Config  main.o
    0x08001eb0   0x08001eb0   0x00000002   Code   RO         3047    i.SystemInit        system_stm32f1xx.o
    0x08001eb2   0x08001eb2   0x00000002   PAD
    0x08001eb4   0x08001eb4   0x0000000c   Code   RO          311    i.TIM4_IRQHandler   stm32f1xx_it.o
    0x08001ec0   0x08001ec0   0x0000006c   Code   RO         2168    i.TIM_Base_SetConfig  stm32f1xx_hal_tim.o
    0x08001f2c   0x08001f2c   0x0000001a   Code   RO         2169    i.TIM_CCxChannelCmd  stm32f1xx_hal_tim.o
    0x08001f46   0x08001f46   0x00000014   Code   RO         2179    i.TIM_ETR_SetConfig  stm32f1xx_hal_tim.o
    0x08001f5a   0x08001f5a   0x00000010   Code   RO         2180    i.TIM_ITRx_SetConfig  stm32f1xx_hal_tim.o
    0x08001f6a   0x08001f6a   0x00000002   PAD
    0x08001f6c   0x08001f6c   0x00000050   Code   RO         2181    i.TIM_OC1_SetConfig  stm32f1xx_hal_tim.o
    0x08001fbc   0x08001fbc   0x00000058   Code   RO         2182    i.TIM_OC2_SetConfig  stm32f1xx_hal_tim.o
    0x08002014   0x08002014   0x00000058   Code   RO         2183    i.TIM_OC3_SetConfig  stm32f1xx_hal_tim.o
    0x0800206c   0x0800206c   0x00000044   Code   RO         2184    i.TIM_OC4_SetConfig  stm32f1xx_hal_tim.o
    0x080020b0   0x080020b0   0x00000022   Code   RO         2186    i.TIM_TI1_ConfigInputStage  stm32f1xx_hal_tim.o
    0x080020d2   0x080020d2   0x00000024   Code   RO         2188    i.TIM_TI2_ConfigInputStage  stm32f1xx_hal_tim.o
    0x080020f6   0x080020f6   0x00000002   Code   RO          312    i.UsageFault_Handler  stm32f1xx_it.o
    0x080020f8   0x080020f8   0x00000024   Code   RO         4370    i.__0vsprintf       mc_w.l(printfa.o)
    0x0800211c   0x0800211c   0x00000020   Code   RO         1154    i.__NVIC_SetPriority  stm32f1xx_hal_cortex.o
    0x0800213c   0x0800213c   0x0000000e   Code   RO         4443    i.__scatterload_copy  mc_w.l(handlers.o)
    0x0800214a   0x0800214a   0x00000002   Code   RO         4444    i.__scatterload_null  mc_w.l(handlers.o)
    0x0800214c   0x0800214c   0x0000000e   Code   RO         4445    i.__scatterload_zeroinit  mc_w.l(handlers.o)
    0x0800215a   0x0800215a   0x00000002   PAD
    0x0800215c   0x0800215c   0x00000184   Code   RO         4371    i._fp_digits        mc_w.l(printfa.o)
    0x080022e0   0x080022e0   0x000006b4   Code   RO         4372    i._printf_core      mc_w.l(printfa.o)
    0x08002994   0x08002994   0x00000024   Code   RO         4373    i._printf_post_padding  mc_w.l(printfa.o)
    0x080029b8   0x080029b8   0x0000002e   Code   RO         4374    i._printf_pre_padding  mc_w.l(printfa.o)
    0x080029e6   0x080029e6   0x0000000a   Code   RO         4376    i._sputc            mc_w.l(printfa.o)
    0x080029f0   0x080029f0   0x00000044   Code   RO           23    i.distanceTaskFunc  main.o
    0x08002a34   0x08002a34   0x0000005c   Code   RO           24    i.initAll           main.o
    0x08002a90   0x08002a90   0x00000012   Code   RO          465    i.lcd_clear_display  liquidcrystal_i2c.o
    0x08002aa2   0x08002aa2   0x00000064   Code   RO          469    i.lcd_init          liquidcrystal_i2c.o
    0x08002b06   0x08002b06   0x0000003a   Code   RO          470    i.lcd_printf        liquidcrystal_i2c.o
    0x08002b40   0x08002b40   0x0000003a   Code   RO          472    i.lcd_send_cmd      liquidcrystal_i2c.o
    0x08002b7a   0x08002b7a   0x0000003a   Code   RO          473    i.lcd_send_data     liquidcrystal_i2c.o
    0x08002bb4   0x08002bb4   0x00000020   Code   RO          474    i.lcd_set_cursor    liquidcrystal_i2c.o
    0x08002bd4   0x08002bd4   0x00000010   Code   RO          475    i.lcd_set_cursor_blink_off  liquidcrystal_i2c.o
    0x08002be4   0x08002be4   0x0000008c   Code   RO           25    i.main              main.o
    0x08002c70   0x08002c70   0x0000000c   Code   RO         3843    i.makeFreeRtosPriority  cmsis_os.o
    0x08002c7c   0x08002c7c   0x00000014   Code   RO          594    i.map               servo.o
    0x08002c90   0x08002c90   0x0000000e   Code   RO         3845    i.osDelay           cmsis_os.o
    0x08002c9e   0x08002c9e   0x0000000a   Code   RO         3848    i.osKernelStart     cmsis_os.o
    0x08002ca8   0x08002ca8   0x00000054   Code   RO         3882    i.osThreadCreate    cmsis_os.o
    0x08002cfc   0x08002cfc   0x0000000c   Code   RO           26    i.positionTaskFunc  main.o
    0x08002d08   0x08002d08   0x00000070   Code   RO         3540    i.prvAddCurrentTaskToDelayedList  tasks.o
    0x08002d78   0x08002d78   0x000000d0   Code   RO         3541    i.prvAddNewTaskToReadyList  tasks.o
    0x08002e48   0x08002e48   0x00000034   Code   RO         3542    i.prvDeleteTCB      tasks.o
    0x08002e7c   0x08002e7c   0x0000004c   Code   RO         4210    i.prvHeapInit       heap_4.o
    0x08002ec8   0x08002ec8   0x00000060   Code   RO         3543    i.prvIdleTask       tasks.o
    0x08002f28   0x08002f28   0x0000008e   Code   RO         3544    i.prvInitialiseNewTask  tasks.o
    0x08002fb6   0x08002fb6   0x00000002   PAD
    0x08002fb8   0x08002fb8   0x0000004c   Code   RO         4211    i.prvInsertBlockIntoFreeList  heap_4.o
    0x08003004   0x08003004   0x00000020   Code   RO         3545    i.prvResetNextTaskUnblockTime  tasks.o
    0x08003024   0x08003024   0x00000028   Code   RO         4273    i.prvTaskExitError  port.o
    0x0800304c   0x0800304c   0x000000d8   Code   RO         4212    i.pvPortMalloc      heap_4.o
    0x08003124   0x08003124   0x00000024   Code   RO         4274    i.pxPortInitialiseStack  port.o
    0x08003148   0x08003148   0x00000012   Code   RO          595    i.servo_init        servo.o
    0x0800315a   0x0800315a   0x00000044   Code   RO          596    i.servo_write       servo.o
    0x0800319e   0x0800319e   0x00000002   PAD
    0x080031a0   0x080031a0   0x00000050   Code   RO           29    i.testLcd           main.o
    0x080031f0   0x080031f0   0x00000026   Code   RO         3185    i.uxListRemove      list.o
    0x08003216   0x08003216   0x00000002   PAD
    0x08003218   0x08003218   0x00000014   Code   RO          272    i.vApplicationGetIdleTaskMemory  freertos.o
    0x0800322c   0x0800322c   0x00000016   Code   RO         3186    i.vListInitialise   list.o
    0x08003242   0x08003242   0x00000006   Code   RO         3187    i.vListInitialiseItem  list.o
    0x08003248   0x08003248   0x00000030   Code   RO         3188    i.vListInsert       list.o
    0x08003278   0x08003278   0x00000018   Code   RO         3189    i.vListInsertEnd    list.o
    0x08003290   0x08003290   0x00000040   Code   RO         4276    i.vPortEnterCritical  port.o
    0x080032d0   0x080032d0   0x00000028   Code   RO         4277    i.vPortExitCritical  port.o
    0x080032f8   0x080032f8   0x0000005c   Code   RO         4213    i.vPortFree         heap_4.o
    0x08003354   0x08003354   0x00000024   Code   RO         4278    i.vPortSetupTimerInterrupt  port.o
    0x08003378   0x08003378   0x0000004c   Code   RO         3553    i.vTaskDelay        tasks.o
    0x080033c4   0x080033c4   0x0000006c   Code   RO         3566    i.vTaskStartScheduler  tasks.o
    0x08003430   0x08003430   0x00000010   Code   RO         3568    i.vTaskSuspendAll   tasks.o
    0x08003440   0x08003440   0x0000005c   Code   RO         3569    i.vTaskSwitchContext  tasks.o
    0x0800349c   0x0800349c   0x000000a8   Code   RO         4280    i.xPortStartScheduler  port.o
    0x08003544   0x08003544   0x0000005a   Code   RO         3571    i.xTaskCreate       tasks.o
    0x0800359e   0x0800359e   0x00000056   Code   RO         3572    i.xTaskCreateStatic  tasks.o
    0x080035f4   0x080035f4   0x000000c8   Code   RO         3579    i.xTaskIncrementTick  tasks.o
    0x080036bc   0x080036bc   0x000000c4   Code   RO         3585    i.xTaskResumeAll    tasks.o
    0x08003780   0x08003780   0x00000038   Data   RO           31    .constdata          main.o
    0x080037b8   0x080037b8   0x00000010   Data   RO         3048    .constdata          system_stm32f1xx.o
    0x080037c8   0x080037c8   0x00000008   Data   RO         3049    .constdata          system_stm32f1xx.o
    0x080037d0   0x080037d0   0x0000001d   Data   RO           32    .conststring        main.o
    0x080037ed   0x080037ed   0x00000003   PAD
    0x080037f0   0x080037f0   0x00000020   Data   RO         4441    Region$$Table       anon$$obj.o


    Execution Region RW_IRAM1 (Exec base: 0x20000000, Load base: 0x08003810, Size: 0x00001558, Max: 0x00005000, ABSOLUTE)

    Exec Addr    Load Addr    Size         Type   Attr      Idx    E Section Name        Object

    0x20000000   0x08003810   0x0000000c   Data   RW           33    .data               main.o
    0x2000000c   0x0800381c   0x0000000c   Data   RW          691    .data               stm32f1xx_hal.o
    0x20000018   0x08003828   0x00000004   Data   RW         3050    .data               system_stm32f1xx.o
    0x2000001c   0x0800382c   0x0000003c   Data   RW         3588    .data               tasks.o
    0x20000058   0x08003868   0x00000018   Data   RW         4218    .data               heap_4.o
    0x20000070   0x08003880   0x0000000c   Data   RW         4281    .data               port.o
    0x2000007c        -       0x00000150   Zero   RW           30    .bss                main.o
    0x200001cc        -       0x00000254   Zero   RW          273    .bss                freertos.o
    0x20000420        -       0x00000048   Zero   RW          427    .bss                stm32f1xx_hal_timebase_tim.o
    0x20000468        -       0x000000f0   Zero   RW         3587    .bss                tasks.o
    0x20000558        -       0x00000c00   Zero   RW         4217    .bss                heap_4.o
    0x20001158        -       0x00000400   Zero   RW            1    STACK               startup_stm32f103xb.o


==============================================================================

Image component sizes


      Code (inc. data)   RO Data    RW Data    ZI Data      Debug   Object Name

       120          0          0          0          0      22025   cmsis_os.o
         0          0          0          0          0      18036   event_groups.o
        20          4          0          0        596       1128   freertos.o
       460         24          0         24       3072       6967   heap_4.o
       340          6          0          0          0       4892   liquidcrystal_i2c.o
       138          0          0          0          0       3166   list.o
      1056         94         85         12        336     463533   main.o
       578         60          0         12          0       9924   port.o
       106          0          0          0          0       1925   servo.o
        36          8        236          0       1024        764   startup_stm32f103xb.o
       100         18          0         12          0       4982   stm32f1xx_hal.o
       158         14          0          0          0      27990   stm32f1xx_hal_cortex.o
       490         34          0          0          0       2772   stm32f1xx_hal_gpio.o
      1300         32          0          0          0       8569   stm32f1xx_hal_i2c.o
       332         50          0          0          0       2673   stm32f1xx_hal_msp.o
      1304         98          0          0          0       5030   stm32f1xx_hal_rcc.o
      1848         72          0          0          0      15603   stm32f1xx_hal_tim.o
       192         12          0          0          0       2965   stm32f1xx_hal_tim_ex.o
       116         16          0          0         72       1307   stm32f1xx_hal_timebase_tim.o
        24          6          0          0          0       2755   stm32f1xx_it.o
         0          0          0          0          0        392   stream_buffer.o
         2          0         24          4          0        999   system_stm32f1xx.o
      1506        110          0         60        240      15510   tasks.o

    ----------------------------------------------------------------------
     10254        658        380        124       5340     623907   Object Totals
         0          0         32          0          0          0   (incl. Generated)
        28          0          3          0          0          0   (incl. Padding)

    ----------------------------------------------------------------------

      Code (inc. data)   RO Data    RW Data    ZI Data      Debug   Library Member Name

         0          0          0          0          0          0   entry.o
         0          0          0          0          0          0   entry10a.o
         0          0          0          0          0          0   entry11a.o
         4          0          0          0          0          0   entry12b.o
         8          4          0          0          0          0   entry2.o
         4          0          0          0          0          0   entry5.o
         0          0          0          0          0          0   entry7b.o
         0          0          0          0          0          0   entry8b.o
         8          4          0          0          0          0   entry9a.o
        30          0          0          0          0          0   handlers.o
        36          8          0          0          0         68   init.o
         0          0          0          0          0          0   iusefp.o
        30          0          0          0          0         68   llshl.o
        36          0          0          0          0         68   llsshr.o
        32          0          0          0          0         68   llushr.o
        36          0          0          0          0         68   memcpya.o
        36          0          0          0          0        108   memseta.o
      2232         86          0          0          0        528   printfa.o
        14          0          0          0          0         68   strlen.o
        44          0          0          0          0         80   uidiv.o
        98          0          0          0          0         92   uldiv.o
        48          0          0          0          0         68   cdrcmple.o
       334          0          0          0          0        148   dadd.o
       222          0          0          0          0        100   ddiv.o
       186          0          0          0          0        176   depilogue.o
        48          0          0          0          0         68   dfixul.o
       228          0          0          0          0         96   dmul.o

    ----------------------------------------------------------------------
      3718        102          0          0          0       1872   Library Totals
         4          0          0          0          0          0   (incl. Padding)

    ----------------------------------------------------------------------

      Code (inc. data)   RO Data    RW Data    ZI Data      Debug   Library Name

      2648        102          0          0          0       1216   mc_w.l
      1066          0          0          0          0        656   mf_w.l

    ----------------------------------------------------------------------
      3718        102          0          0          0       1872   Library Totals

    ----------------------------------------------------------------------

==============================================================================


      Code (inc. data)   RO Data    RW Data    ZI Data      Debug   

     13972        760        380        124       5340     618859   Grand Totals
     13972        760        380        124       5340     618859   ELF Image Totals
     13972        760        380        124          0          0   ROM Totals

==============================================================================

    Total RO  Size (Code + RO Data)                14352 (  14.02kB)
    Total RW  Size (RW Data + ZI Data)              5464 (   5.34kB)
    Total ROM Size (Code + RO Data + RW Data)      14476 (  14.14kB)

==============================================================================

